Component: ARM Compiler 5.06 update 3 (build 300) Tool: armlink [4d35c9]

==============================================================================

Section Cross References

    startup_stm32f10x_md.o(STACK) refers (Special) to heapauxi.o(.text) for __use_two_region_memory
    startup_stm32f10x_md.o(HEAP) refers (Special) to heapauxi.o(.text) for __use_two_region_memory
    startup_stm32f10x_md.o(RESET) refers (Special) to heapauxi.o(.text) for __use_two_region_memory
    startup_stm32f10x_md.o(RESET) refers to startup_stm32f10x_md.o(STACK) for __initial_sp
    startup_stm32f10x_md.o(RESET) refers to startup_stm32f10x_md.o(.text) for Reset_Handler
    startup_stm32f10x_md.o(RESET) refers to ticks.o(i.TIM2_IRQHandler) for TIM2_IRQHandler
    startup_stm32f10x_md.o(RESET) refers to uart.o(i.USART1_IRQHandler) for USART1_IRQHandler
    startup_stm32f10x_md.o(RESET) refers to uart.o(i.USART3_IRQHandler) for USART3_IRQHandler
    startup_stm32f10x_md.o(.text) refers (Special) to heapauxi.o(.text) for __use_two_region_memory
    startup_stm32f10x_md.o(.text) refers to system_stm32f10x.o(i.SystemInit) for SystemInit
    startup_stm32f10x_md.o(.text) refers to __main.o(!!!main) for __main
    startup_stm32f10x_md.o(.text) refers to startup_stm32f10x_md.o(HEAP) for Heap_Mem
    startup_stm32f10x_md.o(.text) refers to startup_stm32f10x_md.o(STACK) for Stack_Mem
    stm32f10x_adc.o(i.ADC_DeInit) refers to stm32f10x_rcc.o(i.RCC_APB2PeriphResetCmd) for RCC_APB2PeriphResetCmd
    stm32f10x_bkp.o(i.BKP_DeInit) refers to stm32f10x_rcc.o(i.RCC_BackupResetCmd) for RCC_BackupResetCmd
    stm32f10x_can.o(i.CAN_DeInit) refers to stm32f10x_rcc.o(i.RCC_APB1PeriphResetCmd) for RCC_APB1PeriphResetCmd
    stm32f10x_can.o(i.CAN_GetITStatus) refers to stm32f10x_can.o(i.CheckITStatus) for CheckITStatus
    stm32f10x_cec.o(i.CEC_DeInit) refers to stm32f10x_rcc.o(i.RCC_APB1PeriphResetCmd) for RCC_APB1PeriphResetCmd
    stm32f10x_dac.o(i.DAC_DeInit) refers to stm32f10x_rcc.o(i.RCC_APB1PeriphResetCmd) for RCC_APB1PeriphResetCmd
    stm32f10x_flash.o(i.FLASH_EnableWriteProtection) refers to stm32f10x_flash.o(i.FLASH_WaitForLastOperation) for FLASH_WaitForLastOperation
    stm32f10x_flash.o(i.FLASH_EraseAllBank1Pages) refers to stm32f10x_flash.o(i.FLASH_WaitForLastBank1Operation) for FLASH_WaitForLastBank1Operation
    stm32f10x_flash.o(i.FLASH_EraseAllPages) refers to stm32f10x_flash.o(i.FLASH_WaitForLastOperation) for FLASH_WaitForLastOperation
    stm32f10x_flash.o(i.FLASH_EraseOptionBytes) refers to stm32f10x_flash.o(i.FLASH_GetReadOutProtectionStatus) for FLASH_GetReadOutProtectionStatus
    stm32f10x_flash.o(i.FLASH_EraseOptionBytes) refers to stm32f10x_flash.o(i.FLASH_WaitForLastOperation) for FLASH_WaitForLastOperation
    stm32f10x_flash.o(i.FLASH_ErasePage) refers to stm32f10x_flash.o(i.FLASH_WaitForLastOperation) for FLASH_WaitForLastOperation
    stm32f10x_flash.o(i.FLASH_ProgramHalfWord) refers to stm32f10x_flash.o(i.FLASH_WaitForLastOperation) for FLASH_WaitForLastOperation
    stm32f10x_flash.o(i.FLASH_ProgramOptionByteData) refers to stm32f10x_flash.o(i.FLASH_WaitForLastOperation) for FLASH_WaitForLastOperation
    stm32f10x_flash.o(i.FLASH_ProgramWord) refers to stm32f10x_flash.o(i.FLASH_WaitForLastOperation) for FLASH_WaitForLastOperation
    stm32f10x_flash.o(i.FLASH_ReadOutProtection) refers to stm32f10x_flash.o(i.FLASH_WaitForLastOperation) for FLASH_WaitForLastOperation
    stm32f10x_flash.o(i.FLASH_UserOptionByteConfig) refers to stm32f10x_flash.o(i.FLASH_WaitForLastOperation) for FLASH_WaitForLastOperation
    stm32f10x_flash.o(i.FLASH_WaitForLastBank1Operation) refers to stm32f10x_flash.o(i.FLASH_GetBank1Status) for FLASH_GetBank1Status
    stm32f10x_flash.o(i.FLASH_WaitForLastOperation) refers to stm32f10x_flash.o(i.FLASH_GetBank1Status) for FLASH_GetBank1Status
    stm32f10x_gpio.o(i.GPIO_AFIODeInit) refers to stm32f10x_rcc.o(i.RCC_APB2PeriphResetCmd) for RCC_APB2PeriphResetCmd
    stm32f10x_gpio.o(i.GPIO_DeInit) refers to stm32f10x_rcc.o(i.RCC_APB2PeriphResetCmd) for RCC_APB2PeriphResetCmd
    stm32f10x_i2c.o(i.I2C_DeInit) refers to stm32f10x_rcc.o(i.RCC_APB1PeriphResetCmd) for RCC_APB1PeriphResetCmd
    stm32f10x_i2c.o(i.I2C_Init) refers to stm32f10x_rcc.o(i.RCC_GetClocksFreq) for RCC_GetClocksFreq
    stm32f10x_pwr.o(i.PWR_DeInit) refers to stm32f10x_rcc.o(i.RCC_APB1PeriphResetCmd) for RCC_APB1PeriphResetCmd
    stm32f10x_rcc.o(i.RCC_GetClocksFreq) refers to stm32f10x_rcc.o(.data) for APBAHBPrescTable
    stm32f10x_rcc.o(i.RCC_WaitForHSEStartUp) refers to stm32f10x_rcc.o(i.RCC_GetFlagStatus) for RCC_GetFlagStatus
    stm32f10x_rtc.o(i.RTC_SetAlarm) refers to stm32f10x_rtc.o(i.RTC_EnterConfigMode) for RTC_EnterConfigMode
    stm32f10x_rtc.o(i.RTC_SetAlarm) refers to stm32f10x_rtc.o(i.RTC_ExitConfigMode) for RTC_ExitConfigMode
    stm32f10x_rtc.o(i.RTC_SetCounter) refers to stm32f10x_rtc.o(i.RTC_EnterConfigMode) for RTC_EnterConfigMode
[...]
    i.USART_SendData                         0x08002772   Section        0  stm32f10x_usart.o(i.USART_SendData)
    i.__ARM_fpclassify                       0x0800277a   Section        0  fpclassify.o(i.__ARM_fpclassify)
    i._delay_ms                              0x080027a4   Section        0  delay.o(i._delay_ms)
    i._delay_us                              0x08002820   Section        0  delay.o(i._delay_us)
    i._is_digit                              0x08002884   Section        0  __printf_wp.o(i._is_digit)
    i.button_init                            0x08002894   Section        0  button.o(i.button_init)
    i.get_real_ticks                         0x0800291c   Section        0  ticks.o(i.get_real_ticks)
    i.gpio_init                              0x0800293c   Section        0  gpio.o(i.gpio_init)
    i.led_init                               0x0800297c   Section        0  leds.o(i.led_init)
    i.main                                   0x080029e0   Section        0  main.o(i.main)
    i.manual_mode                            0x08002c34   Section        0  main.o(i.manual_mode)
    i.motor_control                          0x08002fac   Section        0  motor.o(i.motor_control)
    i.motor_init                             0x08003008   Section        0  motor.o(i.motor_init)
    i.motor_stop                             0x0800310c   Section        0  motor.o(i.motor_stop)
    i.move_backward                          0x08003154   Section        0  motor.o(i.move_backward)
    i.move_forward                           0x080031a8   Section        0  motor.o(i.move_forward)
    i.pneumatic_control                      0x080031fc   Section        0  pneumatic.o(i.pneumatic_control)
    i.pneumatic_init                         0x08003234   Section        0  pneumatic.o(i.pneumatic_init)
    i.read_IR                                0x08003260   Section        0  ir_sensors.o(i.read_IR)
    i.read_button                            0x08003288   Section        0  button.o(i.read_button)
    i.simple_delay1_ms                       0x080032ac   Section        0  delay.o(i.simple_delay1_ms)
    i.state1_move                            0x080032c4   Section        0  moving.o(i.state1_move)
    i.state2_move                            0x08003318   Section        0  moving.o(i.state2_move)
    i.state3_move                            0x08003368   Section        0  moving.o(i.state3_move)
    i.state4_move                            0x080033e4   Section        0  moving.o(i.state4_move)
    i.state5_move                            0x08003428   Section        0  moving.o(i.state5_move)
    i.state6_move                            0x080034bc   Section        0  moving.o(i.state6_move)
    i.state_move                             0x080034ec   Section        0  moving.o(i.state_move)
    i.tft_change_dir                         0x08003530   Section        0  lcd_blue.o(i.tft_change_dir)
    i.tft_clear                              0x08003578   Section        0  lcd_blue.o(i.tft_clear)
    i.tft_init                               0x080035bc   Section        0  lcd_blue.o(i.tft_init)
    i.tft_prints                             0x08003800   Section        0  lcd_blue.o(i.tft_prints)
    i.tft_put_pixel                          0x080038f0   Section        0  lcd_blue.o(i.tft_put_pixel)
    i.tft_reset                              0x0800392c   Section        0  lcd_blue.o(i.tft_reset)
    i.tft_setregion                          0x08003950   Section        0  lcd_blue.o(i.tft_setregion)
    i.tft_spi_init                           0x080039ac   Section        0  lcd_blue.o(i.tft_spi_init)
    i.tft_write_command                      0x08003a98   Section        0  lcd_blue.o(i.tft_write_command)
    i.tft_write_data                         0x08003ae8   Section        0  lcd_blue.o(i.tft_write_data)
    i.ticks_init                             0x08003b38   Section        0  ticks.o(i.ticks_init)
    i.turn_180degree                         0x08003ba4   Section        0  motor.o(i.turn_180degree)
    i.turn_90degree                          0x08003bf0   Section        0  motor.o(i.turn_90degree)
    i.turn_atplace                           0x08003c6c   Section        0  motor.o(i.turn_atplace)
    i.uart_init                              0x08003cbc   Section        0  uart.o(i.uart_init)
    i.uart_interrupt                         0x08003d9c   Section        0  uart.o(i.uart_interrupt)
    i.uart_interrupt_init                    0x08003de4   Section        0  uart.o(i.uart_interrupt_init)
    i.uart_tx                                0x08003e44   Section        0  uart.o(i.uart_tx)
    i.uart_tx_byte                           0x08003e7c   Section        0  uart.o(i.uart_tx_byte)
    i.ultrasonic_emit                        0x08003ea8   Section        0  ultrasonic.o(i.ultrasonic_emit)
    i.ultrasonic_init                        0x08003f6c   Section        0  ultrasonic.o(i.ultrasonic_init)
    locale$$code                             0x08003fb4   Section       44  lc_numeric_c.o(locale$$code)
    locale$$code                             0x08003fe0   Section       44  lc_ctype_c.o(locale$$code)
    x$fpl$d2f                                0x0800400c   Section       98  d2f.o(x$fpl$d2f)
    x$fpl$ddiv                               0x08004070   Section      688  ddiv.o(x$fpl$ddiv)
    ddiv_entry                               0x08004077   Thumb Code     0  ddiv.o(x$fpl$ddiv)
    x$fpl$dfixu                              0x08004320   Section       90  dfixu.o(x$fpl$dfixu)
    x$fpl$dfltu                              0x0800437a   Section       38  dflt_clz.o(x$fpl$dfltu)
    x$fpl$dmul                               0x080043a0   Section      340  dmul.o(x$fpl$dmul)
    x$fpl$dnaninf                            0x080044f4   Section      156  dnaninf.o(x$fpl$dnaninf)
    x$fpl$dretinf                            0x08004590   Section       12  dretinf.o(x$fpl$dretinf)
    x$fpl$f2d                                0x0800459c   Section       86  f2d.o(x$fpl$f2d)
    x$fpl$fcmpinf                            0x080045f2   Section       24  fcmpi.o(x$fpl$fcmpinf)
    x$fpl$ffltu                              0x0800460c   Section       38  fflt_clz.o(x$fpl$ffltu)
    x$fpl$fleqf                              0x08004634   Section      104  fleqf.o(x$fpl$fleqf)
    x$fpl$fnaninf                            0x0800469c   Section      140  fnaninf.o(x$fpl$fnaninf)
    x$fpl$fretinf                            0x08004728   Section       10  fretinf.o(x$fpl$fretinf)
    x$fpl$frleqf                             0x08004732   Section       98  frleqf.o(x$fpl$frleqf)
    x$fpl$printf1                            0x08004794   Section        4  printf1.o(x$fpl$printf1)
    x$fpl$printf2                            0x08004798   Section        4  printf2.o(x$fpl$printf2)
    .constdata                               0x0800479c   Section        6  button.o(.constdata)
    x$fpl$usenofp                            0x0800479c   Section        0  usenofp.o(x$fpl$usenofp)
    .constdata                               0x080047a4   Section       54  uart.o(.constdata)
    .constdata                               0x080047da   Section        6  motor.o(.constdata)
    .constdata                               0x080047e0   Section    12992  lcd_font.o(.constdata)
    image_data_Logo                          0x08005d98   Data        7424  lcd_font.o(.constdata)
    .constdata                               0x08007aa0   Section       12  pneumatic.o(.constdata)
    .constdata                               0x08007aac   Section        8  _printf_wctomb.o(.constdata)
    initial_mbstate                          0x08007aac   Data           8  _printf_wctomb.o(.constdata)
    .constdata                               0x08007ab4   Section       40  _printf_hex_int_ll_ptr.o(.constdata)
    uc_hextab                                0x08007ab4   Data          20  _printf_hex_int_ll_ptr.o(.constdata)
    lc_hextab                                0x08007ac8   Data          20  _printf_hex_int_ll_ptr.o(.constdata)
    .constdata                               0x08007adc   Section       17  __printf_flags_ss_wp.o(.constdata)
    maptable                                 0x08007adc   Data          17  __printf_flags_ss_wp.o(.constdata)
    .constdata                               0x08007aed   Section       38  _printf_fp_hex.o(.constdata)
    lc_hextab                                0x08007aed   Data          19  _printf_fp_hex.o(.constdata)
    uc_hextab                                0x08007b00   Data          19  _printf_fp_hex.o(.constdata)
    .constdata                               0x08007b14   Section      148  bigflt0.o(.constdata)
    tenpwrs_x                                0x08007b14   Data          60  bigflt0.o(.constdata)
    tenpwrs_i                                0x08007b50   Data          64  bigflt0.o(.constdata)
    locale$$data                             0x08007bc8   Section       28  lc_numeric_c.o(locale$$data)
    __lcnum_c_name                           0x08007bcc   Data           2  lc_numeric_c.o(locale$$data)
    __lcnum_c_start                          0x08007bd4   Data           0  lc_numeric_c.o(locale$$data)
    __lcnum_c_point                          0x08007be0   Data           0  lc_numeric_c.o(locale$$data)
    __lcnum_c_thousands                      0x08007be2   Data           0  lc_numeric_c.o(locale$$data)
    __lcnum_c_grouping                       0x08007be3   Data           0  lc_numeric_c.o(locale$$data)
    locale$$data                             0x08007be4   Section      272  lc_ctype_c.o(locale$$data)
    __lcnum_c_end                            0x08007be4   Data           0  lc_numeric_c.o(locale$$data)
    __lcctype_c_name                         0x08007be8   Data           2  lc_ctype_c.o(locale$$data)
    __lcctype_c_start                        0x08007bf0   Data           0  lc_ctype_c.o(locale$$data)
    __lcctype_c_end                          0x08007cf4   Data           0  lc_ctype_c.o(locale$$data)
    .data                                    0x20000000   Section       20  stm32f10x_rcc.o(.data)
    APBAHBPrescTable                         0x20000000   Data          16  stm32f10x_rcc.o(.data)
    ADCPrescTable                            0x20000010   Data           4  stm32f10x_rcc.o(.data)
    .data                                    0x20000014   Section        4  ticks.o(.data)
    .data                                    0x20000018   Section        8  ultrasonic.o(.data)
    .data                                    0x20000020   Section       12  button.o(.data)
    .data                                    0x2000002c   Section       53  uart.o(.data)
    .data                                    0x20000064   Section       32  motor.o(.data)
    .data                                    0x20000084   Section        5  delay.o(.data)
    TimingDelay                              0x20000084   Data           4  delay.o(.data)
    .data                                    0x2000008c   Section       12  lcd_blue.o(.data)
    .data                                    0x20000098   Section       24  pneumatic.o(.data)
    .data                                    0x200000b0   Section       32  moving.o(.data)
    .data                                    0x200000d0   Section       24  main.o(.data)
    t                                        0x200000d0   Data           4  main.o(.data)
    time_stop                                0x200000d4   Data           4  main.o(.data)
    lift                                     0x200000d8   Data           4  main.o(.data)
    grab                                     0x200000dc   Data           4  main.o(.data)
    manual_move                              0x200000e0   Data           4  main.o(.data)
    speed                                    0x200000e4   Data           4  main.o(.data)
    .bss                                     0x200000e8   Section       60  button.o(.bss)
    buttons                                  0x200000e8   Data          60  button.o(.bss)
    .bss                                     0x20000124   Section       96  libspace.o(.bss)
    HEAP                                     0x20000188   Section      512  startup_stm32f10x_md.o(HEAP)
    Heap_Mem                                 0x20000188   Data         512  startup_stm32f10x_md.o(HEAP)
    STACK                                    0x20000388   Section     1024  startup_stm32f10x_md.o(STACK)
    Stack_Mem                                0x20000388   Data        1024  startup_stm32f10x_md.o(STACK)
    __initial_sp                             0x20000788   Data           0  startup_stm32f10x_md.o(STACK)

    Global Symbols

    Symbol Name                              Value     Ov Type        Size  Object(Section)

    BuildAttributes$$THM_ISAv4$P$D$K$B$S$PE$A:L22UL41UL21$X:L11$S22US41US21$IEEE1$IW$USESV6$~STKCKD$USESV7$~SHL$OTIME$ROPI$IEEEX$EBA8$UX$STANDARDLIB$REQ8$PRES8$EABIv2 0x00000000   Number         0  anon$$obj.o ABSOLUTE
    __ARM_use_no_argv                        0x00000000   Number         0  main.o ABSOLUTE
    _printf_flags                            0x00000000   Number         0  printf_stubs.o ABSOLUTE
    _printf_return_value                     0x00000000   Number         0  printf_stubs.o ABSOLUTE
    _printf_sizespec                         0x00000000   Number         0  printf_stubs.o ABSOLUTE
    _printf_widthprec                        0x00000000   Number         0  printf_stubs.o ABSOLUTE
    __ARM_exceptions_init                     - Undefined Weak Reference
    __alloca_initialize                       - Undefined Weak Reference
    __arm_preinit_                            - Undefined Weak Reference
    __cpp_initialize__aeabi_                  - Undefined Weak Reference
    __cxa_finalize                            - Undefined Weak Reference
    __sigvec_lookup                           - Undefined Weak Reference
    __user_heap_extent                        - Undefined Weak Reference
    _atexit_init                              - Undefined Weak Reference
    _call_atexit_fns                          - Undefined Weak Reference
    _clock_init                               - Undefined Weak Reference
    _fp_trap_init                             - Undefined Weak Reference
    _fp_trap_shutdown                         - Undefined Weak Reference
    _get_lc_collate                           - Undefined Weak Reference
    _get_lc_monetary                          - Undefined Weak Reference
    _get_lc_time                              - Undefined Weak Reference
    _getenv_init                              - Undefined Weak Reference
    _handle_redirection                       - Undefined Weak Reference
    _initio                                   - Undefined Weak Reference
    _mutex_acquire                            - Undefined Weak Reference
    _mutex_free                               - Undefined Weak Reference
    _mutex_release                            - Undefined Weak Reference
    _printf_mbtowc                            - Undefined Weak Reference
    _printf_wc                                - Undefined Weak Reference
    _rand_init                                - Undefined Weak Reference
    _signal_finish                            - Undefined Weak Reference
    _signal_init                              - Undefined Weak Reference
    _terminateio                              - Undefined Weak Reference
    __Vectors_Size                           0x000000ec   Number         0  startup_stm32f10x_md.o ABSOLUTE
    __Vectors                                0x08000000   Data           4  startup_stm32f10x_md.o(RESET)
    __Vectors_End                            0x080000ec   Data           0  startup_stm32f10x_md.o(RESET)
    __main                                   0x080000ed   Thumb Code     8  __main.o(!!!main)
    __scatterload                            0x080000f5   Thumb Code     0  __scatter.o(!!!scatter)
    __scatterload_rt2                        0x080000f5   Thumb Code    44  __scatter.o(!!!scatter)
    __scatterload_rt2_thumb_only             0x080000f5   Thumb Code     0  __scatter.o(!!!scatter)
    __scatterload_null                       0x08000103   Thumb Code     0  __scatter.o(!!!scatter)
    __scatterload_copy                       0x08000129   Thumb Code    26  __scatter_copy.o(!!handler_copy)
    __scatterload_zeroinit                   0x08000145   Thumb Code    28  __scatter_zi.o(!!handler_zi)
    _printf_n                                0x08000161   Thumb Code     0  _printf_n.o(.ARM.Collect$$_printf_percent$$00000001)
    _printf_percent                          0x08000161   Thumb Code     0  _printf_percent.o(.ARM.Collect$$_printf_percent$$00000000)
    _printf_p                                0x08000167   Thumb Code     0  _printf_p.o(.ARM.Collect$$_printf_percent$$00000002)
    _printf_f                                0x0800016d   Thumb Code     0  _printf_f.o(.ARM.Collect$$_printf_percent$$00000003)
    _printf_e                                0x08000173   Thumb Code     0  _printf_e.o(.ARM.Collect$$_printf_percent$$00000004)
    _printf_g                                0x08000179   Thumb Code     0  _printf_g.o(.ARM.Collect$$_printf_percent$$00000005)
    _printf_a                                0x0800017f   Thumb Code     0  _printf_a.o(.ARM.Collect$$_printf_percent$$00000006)
    _printf_ll                               0x08000185   Thumb Code     0  _printf_ll.o(.ARM.Collect$$_printf_percent$$00000007)
    _printf_i                                0x0800018f   Thumb Code     0  _printf_i.o(.ARM.Collect$$_printf_percent$$00000008)
    _printf_d                                0x08000195   Thumb Code     0  _printf_d.o(.ARM.Collect$$_printf_percent$$00000009)
    _printf_u                                0x0800019b   Thumb Code     0  _printf_u.o(.ARM.Collect$$_printf_percent$$0000000A)
    _printf_o                                0x080001a1   Thumb Code     0  _printf_o.o(.ARM.Collect$$_printf_percent$$0000000B)
    _printf_x                                0x080001a7   Thumb Code     0  _printf_x.o(.ARM.Collect$$_printf_percent$$0000000C)
    _printf_lli                              0x080001ad   Thumb Code     0  _printf_lli.o(.ARM.Collect$$_printf_percent$$0000000D)
    _printf_lld                              0x080001b3   Thumb Code     0  _printf_lld.o(.ARM.Collect$$_printf_percent$$0000000E)
    _printf_llu                              0x080001b9   Thumb Code     0  _printf_llu.o(.ARM.Collect$$_printf_percent$$0000000F)
    _printf_llo                              0x080001bf   Thumb Code     0  _printf_llo.o(.ARM.Collect$$_printf_percent$$00000010)
    _printf_llx                              0x080001c5   Thumb Code     0  _printf_llx.o(.ARM.Collect$$_printf_percent$$00000011)
    _printf_l                                0x080001cb   Thumb Code     0  _printf_l.o(.ARM.Collect$$_printf_percent$$00000012)
    _printf_c                                0x080001d5   Thumb Code     0  _printf_c.o(.ARM.Collect$$_printf_percent$$00000013)
    _printf_s                                0x080001db   Thumb Code     0  _printf_s.o(.ARM.Collect$$_printf_percent$$00000014)
    _printf_lc                               0x080001e1   Thumb Code     0  _printf_lc.o(.ARM.Collect$$_printf_percent$$00000015)
    _printf_ls                               0x080001e7   Thumb Code     0  _printf_ls.o(.ARM.Collect$$_printf_percent$$00000016)
    _printf_percent_end                      0x080001ed   Thumb Code     0  _printf_percent_end.o(.ARM.Collect$$_printf_percent$$00000017)
    __rt_lib_init                            0x080001f1   Thumb Code     0  libinit.o(.ARM.Collect$$libinit$$00000000)
    __rt_lib_init_fp_1                       0x080001f3   Thumb Code     0  libinit2.o(.ARM.Collect$$libinit$$00000002)
    __rt_lib_init_heap_1                     0x080001f3   Thumb Code     0  libinit2.o(.ARM.Collect$$libinit$$0000000A)
    __rt_lib_init_lc_common                  0x080001f3   Thumb Code     0  libinit2.o(.ARM.Collect$$libinit$$0000000F)
    __rt_lib_init_preinit_1                  0x080001f3   Thumb Code     0  libinit2.o(.ARM.Collect$$libinit$$00000004)
    __rt_lib_init_rand_1                     0x080001f3   Thumb Code     0  libinit2.o(.ARM.Collect$$libinit$$0000000E)
    __rt_lib_init_user_alloc_1               0x080001f3   Thumb Code     0  libinit2.o(.ARM.Collect$$libinit$$0000000C)
    __rt_lib_init_lc_collate_1               0x080001f9   Thumb Code     0  libinit2.o(.ARM.Collect$$libinit$$00000011)
    __rt_lib_init_lc_ctype_2                 0x080001f9   Thumb Code     0  libinit2.o(.ARM.Collect$$libinit$$00000012)
    __rt_lib_init_lc_ctype_1                 0x08000205   Thumb Code     0  libinit2.o(.ARM.Collect$$libinit$$00000013)
    __rt_lib_init_lc_monetary_1              0x08000205   Thumb Code     0  libinit2.o(.ARM.Collect$$libinit$$00000015)
    __rt_lib_init_lc_numeric_2               0x08000205   Thumb Code     0  libinit2.o(.ARM.Collect$$libinit$$00000016)
    __rt_lib_init_alloca_1                   0x0800020f   Thumb Code     0  libinit2.o(.ARM.Collect$$libinit$$0000002E)
    __rt_lib_init_argv_1                     0x0800020f   Thumb Code     0  libinit2.o(.ARM.Collect$$libinit$$0000002C)
    __rt_lib_init_atexit_1                   0x0800020f   Thumb Code     0  libinit2.o(.ARM.Collect$$libinit$$0000001B)
    __rt_lib_init_clock_1                    0x0800020f   Thumb Code     0  libinit2.o(.ARM.Collect$$libinit$$00000021)
    __rt_lib_init_cpp_1                      0x0800020f   Thumb Code     0  libinit2.o(.ARM.Collect$$libinit$$00000032)
    __rt_lib_init_exceptions_1               0x0800020f   Thumb Code     0  libinit2.o(.ARM.Collect$$libinit$$00000030)
    __rt_lib_init_fp_trap_1                  0x0800020f   Thumb Code     0  libinit2.o(.ARM.Collect$$libinit$$0000001F)
    __rt_lib_init_getenv_1                   0x0800020f   Thumb Code     0  libinit2.o(.ARM.Collect$$libinit$$00000023)
    __rt_lib_init_lc_numeric_1               0x0800020f   Thumb Code     0  libinit2.o(.ARM.Collect$$libinit$$00000017)
    __rt_lib_init_lc_time_1                  0x0800020f   Thumb Code     0  libinit2.o(.ARM.Collect$$libinit$$00000019)
    __rt_lib_init_return                     0x0800020f   Thumb Code     0  libinit2.o(.ARM.Collect$$libinit$$00000033)
    __rt_lib_init_signal_1                   0x0800020f   Thumb Code     0  libinit2.o(.ARM.Collect$$libinit$$0000001D)
    __rt_lib_init_stdio_1                    0x0800020f   Thumb Code     0  libinit2.o(.ARM.Collect$$libinit$$00000025)
    __rt_lib_shutdown                        0x08000211   Thumb Code     0  libshutdown.o(.ARM.Collect$$libshutdown$$00000000)
    __rt_lib_shutdown_cpp_1                  0x08000213   Thumb Code     0  libshutdown2.o(.ARM.Collect$$libshutdown$$00000002)
    __rt_lib_shutdown_fp_trap_1              0x08000213   Thumb Code     0  libshutdown2.o(.ARM.Collect$$libshutdown$$00000007)
    __rt_lib_shutdown_heap_1                 0x08000213   Thumb Code     0  libshutdown2.o(.ARM.Collect$$libshutdown$$0000000F)
    __rt_lib_shutdown_return                 0x08000213   Thumb Code     0  libshutdown2.o(.ARM.Collect$$libshutdown$$00000010)
    __rt_lib_shutdown_signal_1               0x08000213   Thumb Code     0  libshutdown2.o(.ARM.Collect$$libshutdown$$0000000A)
    __rt_lib_shutdown_stdio_1                0x08000213   Thumb Code     0  libshutdown2.o(.ARM.Collect$$libshutdown$$00000004)
    __rt_lib_shutdown_user_alloc_1           0x08000213   Thumb Code     0  libshutdown2.o(.ARM.Collect$$libshutdown$$0000000C)
    __rt_entry                               0x08000215   Thumb Code     0  __rtentry.o(.ARM.Collect$$rtentry$$00000000)
    __rt_entry_presh_1                       0x08000215   Thumb Code     0  __rtentry2.o(.ARM.Collect$$rtentry$$00000002)
    __rt_entry_sh                            0x08000215   Thumb Code     0  __rtentry4.o(.ARM.Collect$$rtentry$$00000004)
    __rt_entry_li                            0x0800021b   Thumb Code     0  __rtentry2.o(.ARM.Collect$$rtentry$$0000000A)
    __rt_entry_postsh_1                      0x0800021b   Thumb Code     0  __rtentry2.o(.ARM.Collect$$rtentry$$00000009)
    __rt_entry_main                          0x0800021f   Thumb Code     0  __rtentry2.o(.ARM.Collect$$rtentry$$0000000D)
    __rt_entry_postli_1                      0x0800021f   Thumb Code     0  __rtentry2.o(.ARM.Collect$$rtentry$$0000000C)
    __rt_exit                                0x08000227   Thumb Code     0  rtexit.o(.ARM.Collect$$rtexit$$00000000)
    __rt_exit_ls                             0x08000229   Thumb Code     0  rtexit2.o(.ARM.Collect$$rtexit$$00000003)
    __rt_exit_prels_1                        0x08000229   Thumb Code     0  rtexit2.o(.ARM.Collect$$rtexit$$00000002)
    __rt_exit_exit                           0x0800022d   Thumb Code     0  rtexit2.o(.ARM.Collect$$rtexit$$00000004)
    simple_delay10_us                        0x08000235   Thumb Code    14  delay.o(.emb_text)
    Reset_Handler                            0x08000245   Thumb Code     8  startup_stm32f10x_md.o(.text)
    NMI_Handler                              0x0800024d   Thumb Code     2  startup_stm32f10x_md.o(.text)
    HardFault_Handler                        0x0800024f   Thumb Code     2  startup_stm32f10x_md.o(.text)
    MemManage_Handler                        0x08000251   Thumb Code     2  startup_stm32f10x_md.o(.text)
    BusFault_Handler                         0x08000253   Thumb Code     2  startup_stm32f10x_md.o(.text)
    UsageFault_Handler                       0x08000255   Thumb Code     2  startup_stm32f10x_md.o(.text)
    SVC_Handler                              0x08000257   Thumb Code     2  startup_stm32f10x_md.o(.text)
    DebugMon_Handler                         0x08000259   Thumb Code     2  startup_stm32f10x_md.o(.text)
    PendSV_Handler                           0x0800025b   Thumb Code     2  startup_stm32f10x_md.o(.text)
    SysTick_Handler                          0x0800025d   Thumb Code     2  startup_stm32f10x_md.o(.text)
    ADC1_2_IRQHandler                        0x0800025f   Thumb Code     0  startup_stm32f10x_md.o(.text)
    CAN1_RX1_IRQHandler                      0x0800025f   Thumb Code     0  startup_stm32f10x_md.o(.text)
    CAN1_SCE_IRQHandler                      0x0800025f   Thumb Code     0  startup_stm32f10x_md.o(.text)
    DMA1_Channel1_IRQHandler                 0x0800025f   Thumb Code     0  startup_stm32f10x_md.o(.text)
    DMA1_Channel2_IRQHandler                 0x0800025f   Thumb Code     0  startup_stm32f10x_md.o(.text)
    DMA1_Channel3_IRQHandler                 0x0800025f   Thumb Code     0  startup_stm32f10x_md.o(.text)
    DMA1_Channel4_IRQHandler                 0x0800025f   Thumb Code     0  startup_stm32f10x_md.o(.text)
    DMA1_Channel5_IRQHandler                 0x0800025f   Thumb Code     0  startup_stm32f10x_md.o(.text)
    DMA1_Channel6_IRQHandler                 0x0800025f   Thumb Code     0  startup_stm32f10x_md.o(.text)
    DMA1_Channel7_IRQHandler                 0x0800025f   Thumb Code     0  startup_stm32f10x_md.o(.text)
    EXTI0_IRQHandler                         0x0800025f   Thumb Code     0  startup_stm32f10x_md.o(.text)
    EXTI15_10_IRQHandler                     0x0800025f   Thumb Code     0  startup_stm32f10x_md.o(.text)
    EXTI1_IRQHandler                         0x0800025f   Thumb Code     0  startup_stm32f10x_md.o(.text)
    EXTI2_IRQHandler                         0x0800025f   Thumb Code     0  startup_stm32f10x_md.o(.text)
    EXTI3_IRQHandler                         0x0800025f   Thumb Code     0  startup_stm32f10x_md.o(.text)
    EXTI4_IRQHandler                         0x0800025f   Thumb Code     0  startup_stm32f10x_md.o(.text)
    EXTI9_5_IRQHandler                       0x0800025f   Thumb Code     0  startup_stm32f10x_md.o(.text)
    FLASH_IRQHandler                         0x0800025f   Thumb Code     0  startup_stm32f10x_md.o(.text)
    I2C1_ER_IRQHandler                       0x0800025f   Thumb Code     0  startup_stm32f10x_md.o(.text)
    I2C1_EV_IRQHandler                       0x0800025f   Thumb Code     0  startup_stm32f10x_md.o(.text)
    I2C2_ER_IRQHandler                       0x0800025f   Thumb Code     0  startup_stm32f10x_md.o(.text)
    I2C2_EV_IRQHandler                       0x0800025f   Thumb Code     0  startup_stm32f10x_md.o(.text)
    PVD_IRQHandler                           0x0800025f   Thumb Code     0  startup_stm32f10x_md.o(.text)
    RCC_IRQHandler                           0x0800025f   Thumb Code     0  startup_stm32f10x_md.o(.text)
    RTCAlarm_IRQHandler                      0x0800025f   Thumb Code     0  startup_stm32f10x_md.o(.text)
    RTC_IRQHandler                           0x0800025f   Thumb Code     0  startup_stm32f10x_md.o(.text)
    SPI1_IRQHandler                          0x0800025f   Thumb Code     0  startup_stm32f10x_md.o(.text)
    SPI2_IRQHandler                          0x0800025f   Thumb Code     0  startup_stm32f10x_md.o(.text)
    TAMPER_IRQHandler                        0x0800025f   Thumb Code     0  startup_stm32f10x_md.o(.text)
    TIM1_BRK_IRQHandler                      0x0800025f   Thumb Code     0  startup_stm32f10x_md.o(.text)
    TIM1_CC_IRQHandler                       0x0800025f   Thumb Code     0  startup_stm32f10x_md.o(.text)
    TIM1_TRG_COM_IRQHandler                  0x0800025f   Thumb Code     0  startup_stm32f10x_md.o(.text)
    TIM1_UP_IRQHandler                       0x0800025f   Thumb Code     0  startup_stm32f10x_md.o(.text)
    TIM3_IRQHandler                          0x0800025f   Thumb Code     0  startup_stm32f10x_md.o(.text)
    TIM4_IRQHandler                          0x0800025f   Thumb Code     0  startup_stm32f10x_md.o(.text)
    USART2_IRQHandler                        0x0800025f   Thumb Code     0  startup_stm32f10x_md.o(.text)
    USBWakeUp_IRQHandler                     0x0800025f   Thumb Code     0  startup_stm32f10x_md.o(.text)
    USB_HP_CAN1_TX_IRQHandler                0x0800025f   Thumb Code     0  startup_stm32f10x_md.o(.text)
    USB_LP_CAN1_RX0_IRQHandler               0x0800025f   Thumb Code     0  startup_stm32f10x_md.o(.text)
    WWDG_IRQHandler                          0x0800025f   Thumb Code     0  startup_stm32f10x_md.o(.text)
    __user_initial_stackheap                 0x08000261   Thumb Code     0  startup_stm32f10x_md.o(.text)
    vsprintf                                 0x08000285   Thumb Code    32  vsprintf.o(.text)
    __aeabi_assert                           0x080002a9   Thumb Code    86  assert.o(.text)
    __assert                                 0x080002a9   Thumb Code     0  assert.o(.text)
    __use_two_region_memory                  0x08000329   Thumb Code     2  heapauxi.o(.text)
    __rt_heap_escrow                         0x0800032b   Thumb Code     2  heapauxi.o(.text)
    __rt_heap_expand                         0x0800032d   Thumb Code     2  heapauxi.o(.text)
    _printf_pre_padding                      0x0800032f   Thumb Code    44  _printf_pad.o(.text)
    _printf_post_padding                     0x0800035b   Thumb Code    34  _printf_pad.o(.text)
    _printf_truncate_signed                  0x0800037d   Thumb Code    18  _printf_truncate.o(.text)
    _printf_truncate_unsigned                0x0800038f   Thumb Code    18  _printf_truncate.o(.text)
    _printf_str                              0x080003a1   Thumb Code    82  _printf_str.o(.text)
    _printf_int_dec                          0x080003f5   Thumb Code   104  _printf_dec.o(.text)
    _printf_charcount                        0x0800046d   Thumb Code    40  _printf_charcount.o(.text)
    _printf_char_common                      0x0800049f   Thumb Code    32  _printf_char_common.o(.text)
    _sputc                                   0x080004c5   Thumb Code    10  _sputc.o(.text)
    _printf_wctomb                           0x080004d1   Thumb Code   182  _printf_wctomb.o(.text)
    _printf_longlong_dec                     0x0800058d   Thumb Code   108  _printf_longlong_dec.o(.text)
    _printf_longlong_oct                     0x08000609   Thumb Code    68  _printf_oct_int_ll.o(.text)
    _printf_int_oct                          0x0800064d   Thumb Code    24  _printf_oct_int_ll.o(.text)
    _printf_ll_oct                           0x08000665   Thumb Code    12  _printf_oct_int_ll.o(.text)
    _printf_longlong_hex                     0x08000679   Thumb Code    86  _printf_hex_int_ll_ptr.o(.text)
    _printf_int_hex                          0x080006cf   Thumb Code    28  _printf_hex_int_ll_ptr.o(.text)
    _printf_ll_hex                           0x080006eb   Thumb Code    12  _printf_hex_int_ll_ptr.o(.text)
    _printf_hex_ptr                          0x080006f7   Thumb Code    18  _printf_hex_int_ll_ptr.o(.text)
    __printf                                 0x0800070d   Thumb Code   388  __printf_flags_ss_wp.o(.text)
    abort                                    0x08000895   Thumb Code    22  abort.o(.text)
    __assert_puts                            0x080008ab   Thumb Code    20  assert_puts.o(.text)
    _ttywrch                                 0x080008bf   Thumb Code    14  sys_wrch.o(.text)
    _sys_exit                                0x080008cd   Thumb Code     8  sys_exit.o(.text)
    __user_libspace                          0x080008d9   Thumb Code     8  libspace.o(.text)
    __user_perproc_libspace                  0x080008d9   Thumb Code     0  libspace.o(.text)
    __user_perthread_libspace                0x080008d9   Thumb Code     0  libspace.o(.text)
    _ll_udiv10                               0x080008e1   Thumb Code   138  lludiv10.o(.text)
    _printf_int_common                       0x0800096b   Thumb Code   178  _printf_intcommon.o(.text)
    __lib_sel_fp_printf                      0x08000a1d   Thumb Code     2  _printf_fp_dec.o(.text)
    _printf_fp_dec_real                      0x08000bcb   Thumb Code   620  _printf_fp_dec.o(.text)
    _printf_fp_hex_real                      0x08000e39   Thumb Code   756  _printf_fp_hex.o(.text)
    _printf_cs_common                        0x08001135   Thumb Code    20  _printf_char.o(.text)
    _printf_char                             0x08001149   Thumb Code    16  _printf_char.o(.text)
    _printf_string                           0x08001159   Thumb Code     8  _printf_char.o(.text)
    _printf_lcs_common                       0x08001161   Thumb Code    20  _printf_wchar.o(.text)
    _printf_wchar                            0x08001175   Thumb Code    16  _printf_wchar.o(.text)
    _printf_wstring                          0x08001185   Thumb Code     8  _printf_wchar.o(.text)
    _wcrtomb                                 0x0800118d   Thumb Code    64  _wcrtomb.o(.text)
    __rt_SIGABRT                             0x080011cd   Thumb Code    14  defsig_abrt_outer.o(.text)
    __I$use$semihosting                      0x080011db   Thumb Code     0  use_no_semi.o(.text)
    __use_no_semihosting_swi                 0x080011db   Thumb Code     2  use_no_semi.o(.text)
    __semihosting_library_function           0x080011dd   Thumb Code     0  indicate_semi.o(.text)
    __user_setup_stackheap                   0x080011dd   Thumb Code    74  sys_stackheap_outer.o(.text)
    __rt_ctype_table                         0x08001229   Thumb Code    16  rt_ctype_table.o(.text)
    __rt_locale                              0x08001239   Thumb Code     8  rt_locale_intlibspace.o(.text)
    _printf_fp_infnan                        0x08001241   Thumb Code   112  _printf_fp_infnan.o(.text)
    _btod_etento                             0x080012c1   Thumb Code   216  bigflt0.o(.text)
    exit                                     0x0800139d   Thumb Code    18  exit.o(.text)
    __sig_exit                               0x080013af   Thumb Code    10  defsig_exit.o(.text)
    __rt_SIGABRT_inner                       0x080013b9   Thumb Code    14  defsig_abrt_inner.o(.text)
    __default_signal_display                 0x080013e9   Thumb Code    50  defsig_general.o(.text)
    strcmp                                   0x0800141d   Thumb Code   128  strcmpv7m.o(.text)
    _btod_d2e                                0x0800149d   Thumb Code    62  btod.o(CL$$btod_d2e)
    _d2e_denorm_low                          0x080014db   Thumb Code    70  btod.o(CL$$btod_d2e_denorm_low)
    _d2e_norm_op1                            0x08001521   Thumb Code    96  btod.o(CL$$btod_d2e_norm_op1)
    __btod_div_common                        0x08001581   Thumb Code   696  btod.o(CL$$btod_div_common)
    _e2e                                     0x080018b9   Thumb Code   198  btod.o(CL$$btod_e2e)
    _btod_ediv                               0x0800197f   Thumb Code    40  btod.o(CL$$btod_ediv)
    _btod_emul                               0x080019a7   Thumb Code    40  btod.o(CL$$btod_emul)
    __btod_mult_common                       0x080019cf   Thumb Code   580  btod.o(CL$$btod_mult_common)
    GPIO_Init                                0x08001c13   Thumb Code   278  stm32f10x_gpio.o(i.GPIO_Init)
    GPIO_PinRemapConfig                      0x08001d29   Thumb Code   138  stm32f10x_gpio.o(i.GPIO_PinRemapConfig)
    GPIO_ReadInputDataBit                    0x08001db9   Thumb Code    18  stm32f10x_gpio.o(i.GPIO_ReadInputDataBit)
    GPIO_ResetBits                           0x08001dcb   Thumb Code     4  stm32f10x_gpio.o(i.GPIO_ResetBits)
    GPIO_SetBits                             0x08001dcf   Thumb Code     4  stm32f10x_gpio.o(i.GPIO_SetBits)
    IR_init                                  0x08001dd5   Thumb Code    38  ir_sensors.o(i.IR_init)
    NVIC_Init                                0x08001e01   Thumb Code   100  misc.o(i.NVIC_Init)
    NVIC_SetVectorTable                      0x08001e71   Thumb Code    12  misc.o(i.NVIC_SetVectorTable)
    RCC_APB1PeriphClockCmd                   0x08001e85   Thumb Code    26  stm32f10x_rcc.o(i.RCC_APB1PeriphClockCmd)
    RCC_APB2PeriphClockCmd                   0x08001ea5   Thumb Code    26  stm32f10x_rcc.o(i.RCC_APB2PeriphClockCmd)
    RCC_GetClocksFreq                        0x08001ec5   Thumb Code   192  stm32f10x_rcc.o(i.RCC_GetClocksFreq)
    SPI_CalculateCRC                         0x08001f99   Thumb Code    24  stm32f10x_spi.o(i.SPI_CalculateCRC)
    SPI_Cmd                                  0x08001fb1   Thumb Code    24  stm32f10x_spi.o(i.SPI_Cmd)
    SPI_I2S_GetFlagStatus                    0x08001fc9   Thumb Code    18  stm32f10x_spi.o(i.SPI_I2S_GetFlagStatus)
    SPI_I2S_ReceiveData                      0x08001fdb   Thumb Code     6  stm32f10x_spi.o(i.SPI_I2S_ReceiveData)
    SPI_I2S_SendData                         0x08001fe1   Thumb Code     4  stm32f10x_spi.o(i.SPI_I2S_SendData)
    SPI_Init                                 0x08001fe5   Thumb Code    60  stm32f10x_spi.o(i.SPI_Init)
    SPI_SSOutputCmd                          0x08002021   Thumb Code    24  stm32f10x_spi.o(i.SPI_SSOutputCmd)
    SystemInit                               0x08002121   Thumb Code    78  system_stm32f10x.o(i.SystemInit)
    TIM2_IRQHandler                          0x08002181   Thumb Code    58  ticks.o(i.TIM2_IRQHandler)
    TIM_ARRPreloadConfig                     0x080021c5   Thumb Code    24  stm32f10x_tim.o(i.TIM_ARRPreloadConfig)
    TIM_ClearFlag                            0x080021dd   Thumb Code     6  stm32f10x_tim.o(i.TIM_ClearFlag)
    TIM_ClearITPendingBit                    0x080021e3   Thumb Code     6  stm32f10x_tim.o(i.TIM_ClearITPendingBit)
    TIM_Cmd                                  0x080021e9   Thumb Code    24  stm32f10x_tim.o(i.TIM_Cmd)
    TIM_CtrlPWMOutputs                       0x08002201   Thumb Code    30  stm32f10x_tim.o(i.TIM_CtrlPWMOutputs)
    TIM_GetITStatus                          0x0800221f   Thumb Code    34  stm32f10x_tim.o(i.TIM_GetITStatus)
    TIM_ITConfig                             0x08002241   Thumb Code    18  stm32f10x_tim.o(i.TIM_ITConfig)
    TIM_OC1Init                              0x08002255   Thumb Code   132  stm32f10x_tim.o(i.TIM_OC1Init)
    TIM_OC1PreloadConfig                     0x080022ed   Thumb Code    18  stm32f10x_tim.o(i.TIM_OC1PreloadConfig)
    TIM_OC2Init                              0x08002301   Thumb Code   154  stm32f10x_tim.o(i.TIM_OC2Init)
    TIM_OC2PreloadConfig                     0x080023a5   Thumb Code    26  stm32f10x_tim.o(i.TIM_OC2PreloadConfig)
    TIM_OC3Init                              0x080023c1   Thumb Code   150  stm32f10x_tim.o(i.TIM_OC3Init)
    TIM_OC3PreloadConfig                     0x08002461   Thumb Code    18  stm32f10x_tim.o(i.TIM_OC3PreloadConfig)
    TIM_SetCompare1                          0x08002473   Thumb Code     4  stm32f10x_tim.o(i.TIM_SetCompare1)
    TIM_SetCompare2                          0x08002477   Thumb Code     4  stm32f10x_tim.o(i.TIM_SetCompare2)
    TIM_SetCompare3                          0x0800247b   Thumb Code     4  stm32f10x_tim.o(i.TIM_SetCompare3)
    TIM_SetCounter                           0x0800247f   Thumb Code     4  stm32f10x_tim.o(i.TIM_SetCounter)
    TIM_TimeBaseInit                         0x08002485   Thumb Code   122  stm32f10x_tim.o(i.TIM_TimeBaseInit)
    USART1_IRQHandler                        0x08002529   Thumb Code    48  uart.o(i.USART1_IRQHandler)
    USART3_IRQHandler                        0x08002565   Thumb Code    48  uart.o(i.USART3_IRQHandler)
    USART_ClearITPendingBit                  0x080025a1   Thumb Code    30  stm32f10x_usart.o(i.USART_ClearITPendingBit)
    USART_Cmd                                0x080025bf   Thumb Code    24  stm32f10x_usart.o(i.USART_Cmd)
    USART_GetFlagStatus                      0x080025d7   Thumb Code    26  stm32f10x_usart.o(i.USART_GetFlagStatus)
    USART_GetITStatus                        0x080025f1   Thumb Code    84  stm32f10x_usart.o(i.USART_GetITStatus)
    USART_ITConfig                           0x08002645   Thumb Code    74  stm32f10x_usart.o(i.USART_ITConfig)
    USART_Init                               0x08002691   Thumb Code   210  stm32f10x_usart.o(i.USART_Init)
    USART_ReceiveData                        0x08002769   Thumb Code    10  stm32f10x_usart.o(i.USART_ReceiveData)
    USART_SendData                           0x08002773   Thumb Code     8  stm32f10x_usart.o(i.USART_SendData)
    __ARM_fpclassify                         0x0800277b   Thumb Code    40  fpclassify.o(i.__ARM_fpclassify)
    _delay_ms                                0x080027a5   Thumb Code   120  delay.o(i._delay_ms)
    _delay_us                                0x08002821   Thumb Code    94  delay.o(i._delay_us)
    _is_digit                                0x08002885   Thumb Code    14  __printf_wp.o(i._is_digit)
    button_init                              0x08002895   Thumb Code   118  button.o(i.button_init)
    get_real_ticks                           0x0800291d   Thumb Code    22  ticks.o(i.get_real_ticks)
    gpio_init                                0x0800293d   Thumb Code    56  gpio.o(i.gpio_init)
    led_init                                 0x0800297d   Thumb Code    88  leds.o(i.led_init)
    main                                     0x080029e1   Thumb Code   466  main.o(i.main)
    manual_mode                              0x08002c35   Thumb Code   624  main.o(i.manual_mode)
    motor_control                            0x08002fad   Thumb Code    80  motor.o(i.motor_control)
    motor_init                               0x08003009   Thumb Code   248  motor.o(i.motor_init)
    motor_stop                               0x0800310d   Thumb Code    58  motor.o(i.motor_stop)
    move_backward                            0x08003155   Thumb Code    68  motor.o(i.move_backward)
    move_forward                             0x080031a9   Thumb Code    68  motor.o(i.move_forward)
    pneumatic_control                        0x080031fd   Thumb Code    46  pneumatic.o(i.pneumatic_control)
    pneumatic_init                           0x08003235   Thumb Code    38  pneumatic.o(i.pneumatic_init)
    read_IR                                  0x08003261   Thumb Code    34  ir_sensors.o(i.read_IR)
    read_button                              0x08003289   Thumb Code    30  button.o(i.read_button)
    simple_delay1_ms                         0x080032ad   Thumb Code    22  delay.o(i.simple_delay1_ms)
    state1_move                              0x080032c5   Thumb Code    62  moving.o(i.state1_move)
    state2_move                              0x08003319   Thumb Code    62  moving.o(i.state2_move)
    state3_move                              0x08003369   Thumb Code    96  moving.o(i.state3_move)
    state4_move                              0x080033e5   Thumb Code    56  moving.o(i.state4_move)
    state5_move                              0x08003429   Thumb Code   124  moving.o(i.state5_move)
    state6_move                              0x080034bd   Thumb Code    40  moving.o(i.state6_move)
    state_move                               0x080034ed   Thumb Code    62  moving.o(i.state_move)
    tft_change_dir                           0x08003531   Thumb Code    72  lcd_blue.o(i.tft_change_dir)
    tft_clear                                0x08003579   Thumb Code    64  lcd_blue.o(i.tft_clear)
    tft_init                                 0x080035bd   Thumb Code   568  lcd_blue.o(i.tft_init)
    tft_prints                               0x08003801   Thumb Code   230  lcd_blue.o(i.tft_prints)
    tft_put_pixel                            0x080038f1   Thumb Code    54  lcd_blue.o(i.tft_put_pixel)
    tft_reset                                0x0800392d   Thumb Code    32  lcd_blue.o(i.tft_reset)
    tft_setregion                            0x08003951   Thumb Code    90  lcd_blue.o(i.tft_setregion)
    tft_spi_init                             0x080039ad   Thumb Code   224  lcd_blue.o(i.tft_spi_init)
    tft_write_command                        0x08003a99   Thumb Code    72  lcd_blue.o(i.tft_write_command)
    tft_write_data                           0x08003ae9   Thumb Code    72  lcd_blue.o(i.tft_write_data)
    ticks_init                               0x08003b39   Thumb Code   100  ticks.o(i.ticks_init)
    turn_180degree                           0x08003ba5   Thumb Code    68  motor.o(i.turn_180degree)
    turn_90degree                            0x08003bf1   Thumb Code   110  motor.o(i.turn_90degree)
    turn_atplace                             0x08003c6d   Thumb Code    70  motor.o(i.turn_atplace)
    uart_init                                0x08003cbd   Thumb Code   192  uart.o(i.uart_init)
    uart_interrupt                           0x08003d9d   Thumb Code    62  uart.o(i.uart_interrupt)
    uart_interrupt_init                      0x08003de5   Thumb Code    56  uart.o(i.uart_interrupt_init)
    uart_tx                                  0x08003e45   Thumb Code    54  uart.o(i.uart_tx)
    uart_tx_byte                             0x08003e7d   Thumb Code    38  uart.o(i.uart_tx_byte)
    ultrasonic_emit                          0x08003ea9   Thumb Code   172  ultrasonic.o(i.ultrasonic_emit)
    ultrasonic_init                          0x08003f6d   Thumb Code    68  ultrasonic.o(i.ultrasonic_init)
    _get_lc_numeric                          0x08003fb5   Thumb Code    44  lc_numeric_c.o(locale$$code)
    _get_lc_ctype                            0x08003fe1   Thumb Code    44  lc_ctype_c.o(locale$$code)
    __aeabi_d2f                              0x0800400d   Thumb Code     0  d2f.o(x$fpl$d2f)
    _d2f                                     0x0800400d   Thumb Code    98  d2f.o(x$fpl$d2f)
    __aeabi_ddiv                             0x08004071   Thumb Code     0  ddiv.o(x$fpl$ddiv)
    _ddiv                                    0x08004071   Thumb Code   552  ddiv.o(x$fpl$ddiv)
    __aeabi_d2uiz                            0x08004321   Thumb Code     0  dfixu.o(x$fpl$dfixu)
    _dfixu                                   0x08004321   Thumb Code    90  dfixu.o(x$fpl$dfixu)
    __aeabi_ui2d                             0x0800437b   Thumb Code     0  dflt_clz.o(x$fpl$dfltu)
    _dfltu                                   0x0800437b   Thumb Code    38  dflt_clz.o(x$fpl$dfltu)
    __aeabi_dmul                             0x080043a1   Thumb Code     0  dmul.o(x$fpl$dmul)
    _dmul                                    0x080043a1   Thumb Code   332  dmul.o(x$fpl$dmul)
    __fpl_dnaninf                            0x080044f5   Thumb Code   156  dnaninf.o(x$fpl$dnaninf)
    __fpl_dretinf                            0x08004591   Thumb Code    12  dretinf.o(x$fpl$dretinf)
    __aeabi_f2d                              0x0800459d   Thumb Code     0  f2d.o(x$fpl$f2d)
    _f2d                                     0x0800459d   Thumb Code    86  f2d.o(x$fpl$f2d)
    __fpl_fcmp_Inf                           0x080045f3   Thumb Code    24  fcmpi.o(x$fpl$fcmpinf)
    __aeabi_ui2f                             0x0800460d   Thumb Code     0  fflt_clz.o(x$fpl$ffltu)
    _ffltu                                   0x0800460d   Thumb Code    38  fflt_clz.o(x$fpl$ffltu)
    __aeabi_cfcmple                          0x08004635   Thumb Code     0  fleqf.o(x$fpl$fleqf)
    _fcmple                                  0x08004635   Thumb Code   104  fleqf.o(x$fpl$fleqf)
    __fpl_fcmple_InfNaN                      0x08004687   Thumb Code     0  fleqf.o(x$fpl$fleqf)
    __fpl_fnaninf                            0x0800469d   Thumb Code   140  fnaninf.o(x$fpl$fnaninf)
    __fpl_fretinf                            0x08004729   Thumb Code    10  fretinf.o(x$fpl$fretinf)
    __aeabi_cfrcmple                         0x08004733   Thumb Code     0  frleqf.o(x$fpl$frleqf)
    _frcmple                                 0x08004733   Thumb Code    98  frleqf.o(x$fpl$frleqf)
    _printf_fp_dec                           0x08004795   Thumb Code     4  printf1.o(x$fpl$printf1)
    _printf_fp_hex                           0x08004799   Thumb Code     4  printf2.o(x$fpl$printf2)
    __I$use$fp                               0x0800479c   Number         0  usenofp.o(x$fpl$usenofp)
    button_pins                              0x0800479c   Data           6  button.o(.constdata)
    COM_USART_CLK                            0x080047a4   Data          12  uart.o(.constdata)
    COM_TX_PORT_CLK                          0x080047b0   Data          12  uart.o(.constdata)
    COM_RX_PORT_CLK                          0x080047bc   Data          12  uart.o(.constdata)
    COM_TX_PIN                               0x080047c8   Data           6  uart.o(.constdata)
    COM_RX_PIN                               0x080047ce   Data           6  uart.o(.constdata)
    COM_IRQ                                  0x080047d4   Data           6  uart.o(.constdata)
    motor_dir_pin                            0x080047da   Data           6  motor.o(.constdata)
    microsoftSansSerif_8ptBitmaps            0x080047e0   Data        1164  lcd_font.o(.constdata)
    microsoftSansSerif_8ptDescriptors        0x08004c6c   Data         380  lcd_font.o(.constdata)
    microsoftSansSerif_8ptFontInfo           0x08004de8   Data          12  lcd_font.o(.constdata)
    serifGothic_16ptBitmaps                  0x08004df4   Data        3611  lcd_font.o(.constdata)
    serifGothic_16ptDescriptors              0x08005c10   Data         380  lcd_font.o(.constdata)
    serifGothic_16ptFontInfo                 0x08005d8c   Data          12  lcd_font.o(.constdata)
    Logo                                     0x08007a98   Data           8  lcd_font.o(.constdata)
    pneumatic_pins                           0x08007aa0   Data          12  pneumatic.o(.constdata)
    Region$$Table$$Base                      0x08007ba8   Number         0  anon$$obj.o(Region$$Table)
    Region$$Table$$Limit                     0x08007bc8   Number         0  anon$$obj.o(Region$$Table)
    __ctype                                  0x08007bf1   Data           0  lc_ctype_c.o(locale$$data)
    msec                                     0x20000014   Data           2  ticks.o(.data)
    sec                                      0x20000016   Data           2  ticks.o(.data)
    us_port                                  0x20000018   Data           4  ultrasonic.o(.data)
    start_time                               0x2000001c   Data           4  ultrasonic.o(.data)
    button_ports                             0x20000020   Data          12  button.o(.data)
    rx_full                                  0x2000002c   Data           1  uart.o(.data)
    uart1_rx_listener                        0x20000030   Data           4  uart.o(.data)
    uart3_rx_listener                        0x20000034   Data           4  uart.o(.data)
    uart1_listener_empty                     0x20000038   Data           1  uart.o(.data)
    uart3_listener_empty                     0x20000039   Data           1  uart.o(.data)
    COM_USART                                0x2000003c   Data          12  uart.o(.data)
    COM_TX_PORT                              0x20000048   Data          12  uart.o(.data)
    COM_RX_PORT                              0x20000054   Data          12  uart.o(.data)
    printf_COMx                              0x20000060   Data           1  uart.o(.data)
    motor_dir_port                           0x20000064   Data          12  motor.o(.data)
    m1_dir                                   0x20000070   Data           4  motor.o(.data)
    m2_dir                                   0x20000074   Data           4  motor.o(.data)
    ir_left                                  0x20000078   Data           4  motor.o(.data)
    ir_right                                 0x2000007c   Data           4  motor.o(.data)
    move                                     0x20000080   Data           4  motor.o(.data)
    using_delay                              0x20000088   Data           1  delay.o(.data)
    curr_dir                                 0x2000008c   Data           1  lcd_blue.o(.data)
    curr_bg_color                            0x2000008e   Data           2  lcd_blue.o(.data)
    curr_text_color                          0x20000090   Data           2  lcd_blue.o(.data)
    curr_font                                0x20000094   Data           4  lcd_blue.o(.data)
    pneumatic_ports                          0x20000098   Data          24  pneumatic.o(.data)
    state                                    0x200000b0   Data           4  moving.o(.data)
    distance                                 0x200000b4   Data           4  moving.o(.data)
    turn_state3                              0x200000b8   Data           4  moving.o(.data)
    turn_state5                              0x200000bc   Data           4  moving.o(.data)
    check_wall                               0x200000c0   Data           4  moving.o(.data)
    side                                     0x200000c4   Data           4  moving.o(.data)
    flag_time                                0x200000c8   Data           4  moving.o(.data)
    auto_speed                               0x200000cc   Data           4  moving.o(.data)
    __libspace_start                         0x20000124   Data          96  libspace.o(.bss)
    __temporary_stack_top$libspace           0x20000184   Data           0  libspace.o(.bss)



==============================================================================

Memory Map of the image

  Image Entry point : 0x080000ed

  Load Region LR_IROM1 (Base: 0x08000000, Size: 0x00007ddc, Max: 0x00020000, ABSOLUTE)

    Execution Region ER_IROM1 (Base: 0x08000000, Size: 0x00007cf4, Max: 0x00020000, ABSOLUTE)

    Base Addr    Size         Type   Attr      Idx    E Section Name        Object

    0x08000000   0x000000ec   Data   RO            3    RESET               startup_stm32f10x_md.o
    0x080000ec   0x00000008   Code   RO         4011  * !!!main             c_w.l(__main.o)
    0x080000f4   0x00000034   Code   RO         4506    !!!scatter          c_w.l(__scatter.o)
    0x08000128   0x0000001a   Code   RO         4508    !!handler_copy      c_w.l(__scatter_copy.o)
    0x08000142   0x00000002   PAD
    0x08000144   0x0000001c   Code   RO         4510    !!handler_zi        c_w.l(__scatter_zi.o)
    0x08000160   0x00000000   Code   RO         4186    .ARM.Collect$$_printf_percent$$00000000  c_w.l(_printf_percent.o)
    0x08000160   0x00000006   Code   RO         4175    .ARM.Collect$$_printf_percent$$00000001  c_w.l(_printf_n.o)
    0x08000166   0x00000006   Code   RO         4177    .ARM.Collect$$_printf_percent$$00000002  c_w.l(_printf_p.o)
    0x0800016c   0x00000006   Code   RO         4182    .ARM.Collect$$_printf_percent$$00000003  c_w.l(_printf_f.o)
    0x08000172   0x00000006   Code   RO         4183    .ARM.Collect$$_printf_percent$$00000004  c_w.l(_printf_e.o)
    0x08000178   0x00000006   Code   RO         4184    .ARM.Collect$$_printf_percent$$00000005  c_w.l(_printf_g.o)
    0x0800017e   0x00000006   Code   RO         4185    .ARM.Collect$$_printf_percent$$00000006  c_w.l(_printf_a.o)
    0x08000184   0x0000000a   Code   RO         4190    .ARM.Collect$$_printf_percent$$00000007  c_w.l(_printf_ll.o)
    0x0800018e   0x00000006   Code   RO         4179    .ARM.Collect$$_printf_percent$$00000008  c_w.l(_printf_i.o)
    0x08000194   0x00000006   Code   RO         4180    .ARM.Collect$$_printf_percent$$00000009  c_w.l(_printf_d.o)
    0x0800019a   0x00000006   Code   RO         4181    .ARM.Collect$$_printf_percent$$0000000A  c_w.l(_printf_u.o)
    0x080001a0   0x00000006   Code   RO         4178    .ARM.Collect$$_printf_percent$$0000000B  c_w.l(_printf_o.o)
    0x080001a6   0x00000006   Code   RO         4176    .ARM.Collect$$_printf_percent$$0000000C  c_w.l(_printf_x.o)
    0x080001ac   0x00000006   Code   RO         4187    .ARM.Collect$$_printf_percent$$0000000D  c_w.l(_printf_lli.o)
    0x080001b2   0x00000006   Code   RO         4188    .ARM.Collect$$_printf_percent$$0000000E  c_w.l(_printf_lld.o)
    0x080001b8   0x00000006   Code   RO         4189    .ARM.Collect$$_printf_percent$$0000000F  c_w.l(_printf_llu.o)
    0x080001be   0x00000006   Code   RO         4194    .ARM.Collect$$_printf_percent$$00000010  c_w.l(_printf_llo.o)
    0x080001c4   0x00000006   Code   RO         4195    .ARM.Collect$$_printf_percent$$00000011  c_w.l(_printf_llx.o)
    0x080001ca   0x0000000a   Code   RO         4191    .ARM.Collect$$_printf_percent$$00000012  c_w.l(_printf_l.o)
    0x080001d4   0x00000006   Code   RO         4173    .ARM.Collect$$_printf_percent$$00000013  c_w.l(_printf_c.o)
    0x080001da   0x00000006   Code   RO         4174    .ARM.Collect$$_printf_percent$$00000014  c_w.l(_printf_s.o)
    0x080001e0   0x00000006   Code   RO         4192    .ARM.Collect$$_printf_percent$$00000015  c_w.l(_printf_lc.o)
    0x080001e6   0x00000006   Code   RO         4193    .ARM.Collect$$_printf_percent$$00000016  c_w.l(_printf_ls.o)
    0x080001ec   0x00000004   Code   RO         4351    .ARM.Collect$$_printf_percent$$00000017  c_w.l(_printf_percent_end.o)
    0x080001f0   0x00000002   Code   RO         4438    .ARM.Collect$$libinit$$00000000  c_w.l(libinit.o)
    0x080001f2   0x00000000   Code   RO         4205    .ARM.Collect$$libinit$$00000002  c_w.l(libinit2.o)
    0x080001f2   0x00000000   Code   RO         4207    .ARM.Collect$$libinit$$00000004  c_w.l(libinit2.o)
    0x080001f2   0x00000000   Code   RO         4210    .ARM.Collect$$libinit$$0000000A  c_w.l(libinit2.o)
    0x080001f2   0x00000000   Code   RO         4212    .ARM.Collect$$libinit$$0000000C  c_w.l(libinit2.o)
    0x080001f2   0x00000000   Code   RO         4214    .ARM.Collect$$libinit$$0000000E  c_w.l(libinit2.o)
    0x080001f2   0x00000006   Code   RO         4215    .ARM.Collect$$libinit$$0000000F  c_w.l(libinit2.o)
    0x080001f8   0x00000000   Code   RO         4217    .ARM.Collect$$libinit$$00000011  c_w.l(libinit2.o)
    0x080001f8   0x0000000c   Code   RO         4218    .ARM.Collect$$libinit$$00000012  c_w.l(libinit2.o)
    0x08000204   0x00000000   Code   RO         4219    .ARM.Collect$$libinit$$00000013  c_w.l(libinit2.o)
    0x08000204   0x00000000   Code   RO         4221    .ARM.Collect$$libinit$$00000015  c_w.l(libinit2.o)
    0x08000204   0x0000000a   Code   RO         4222    .ARM.Collect$$libinit$$00000016  c_w.l(libinit2.o)
    0x0800020e   0x00000000   Code   RO         4223    .ARM.Collect$$libinit$$00000017  c_w.l(libinit2.o)
    0x0800020e   0x00000000   Code   RO         4225    .ARM.Collect$$libinit$$00000019  c_w.l(libinit2.o)
    0x0800020e   0x00000000   Code   RO         4227    .ARM.Collect$$libinit$$0000001B  c_w.l(libinit2.o)
    0x0800020e   0x00000000   Code   RO         4229    .ARM.Collect$$libinit$$0000001D  c_w.l(libinit2.o)
    0x0800020e   0x00000000   Code   RO         4231    .ARM.Collect$$libinit$$0000001F  c_w.l(libinit2.o)
    0x0800020e   0x00000000   Code   RO         4233    .ARM.Collect$$libinit$$00000021  c_w.l(libinit2.o)
    0x0800020e   0x00000000   Code   RO         4235    .ARM.Collect$$libinit$$00000023  c_w.l(libinit2.o)
    0x0800020e   0x00000000   Code   RO         4237    .ARM.Collect$$libinit$$00000025  c_w.l(libinit2.o)
    0x0800020e   0x00000000   Code   RO         4241    .ARM.Collect$$libinit$$0000002C  c_w.l(libinit2.o)
    0x0800020e   0x00000000   Code   RO         4243    .ARM.Collect$$libinit$$0000002E  c_w.l(libinit2.o)
    0x0800020e   0x00000000   Code   RO         4245    .ARM.Collect$$libinit$$00000030  c_w.l(libinit2.o)
    0x0800020e   0x00000000   Code   RO         4247    .ARM.Collect$$libinit$$00000032  c_w.l(libinit2.o)
    0x0800020e   0x00000002   Code   RO         4248    .ARM.Collect$$libinit$$00000033  c_w.l(libinit2.o)
    0x08000210   0x00000002   Code   RO         4503    .ARM.Collect$$libshutdown$$00000000  c_w.l(libshutdown.o)
    0x08000212   0x00000000   Code   RO         4461    .ARM.Collect$$libshutdown$$00000002  c_w.l(libshutdown2.o)
    0x08000212   0x00000000   Code   RO         4463    .ARM.Collect$$libshutdown$$00000004  c_w.l(libshutdown2.o)
    0x08000212   0x00000000   Code   RO         4466    .ARM.Collect$$libshutdown$$00000007  c_w.l(libshutdown2.o)
    0x08000212   0x00000000   Code   RO         4469    .ARM.Collect$$libshutdown$$0000000A  c_w.l(libshutdown2.o)
    0x08000212   0x00000000   Code   RO         4471    .ARM.Collect$$libshutdown$$0000000C  c_w.l(libshutdown2.o)
    0x08000212   0x00000000   Code   RO         4474    .ARM.Collect$$libshutdown$$0000000F  c_w.l(libshutdown2.o)
    0x08000212   0x00000002   Code   RO         4475    .ARM.Collect$$libshutdown$$00000010  c_w.l(libshutdown2.o)
    0x08000214   0x00000000   Code   RO         4077    .ARM.Collect$$rtentry$$00000000  c_w.l(__rtentry.o)
    0x08000214   0x00000000   Code   RO         4309    .ARM.Collect$$rtentry$$00000002  c_w.l(__rtentry2.o)
    0x08000214   0x00000006   Code   RO         4321    .ARM.Collect$$rtentry$$00000004  c_w.l(__rtentry4.o)
    0x0800021a   0x00000000   Code   RO         4311    .ARM.Collect$$rtentry$$00000009  c_w.l(__rtentry2.o)
    0x0800021a   0x00000004   Code   RO         4312    .ARM.Collect$$rtentry$$0000000A  c_w.l(__rtentry2.o)
    0x0800021e   0x00000000   Code   RO         4314    .ARM.Collect$$rtentry$$0000000C  c_w.l(__rtentry2.o)
    0x0800021e   0x00000008   Code   RO         4315    .ARM.Collect$$rtentry$$0000000D  c_w.l(__rtentry2.o)
    0x08000226   0x00000002   Code   RO         4445    .ARM.Collect$$rtexit$$00000000  c_w.l(rtexit.o)
    0x08000228   0x00000000   Code   RO         4479    .ARM.Collect$$rtexit$$00000002  c_w.l(rtexit2.o)
    0x08000228   0x00000004   Code   RO         4480    .ARM.Collect$$rtexit$$00000003  c_w.l(rtexit2.o)
    0x0800022c   0x00000006   Code   RO         4481    .ARM.Collect$$rtexit$$00000004  c_w.l(rtexit2.o)
    0x08000232   0x00000002   PAD
    0x08000234   0x0000000e   Code   RO         3456    .emb_text           delay.o
    0x08000242   0x00000002   PAD
    0x08000244   0x00000040   Code   RO            4    .text               startup_stm32f10x_md.o
    0x08000284   0x00000024   Code   RO         4005    .text               c_w.l(vsprintf.o)
    0x080002a8   0x00000080   Code   RO         4007    .text               c_w.l(assert.o)
    0x08000328   0x00000006   Code   RO         4009    .text               c_w.l(heapauxi.o)
    0x0800032e   0x0000004e   Code   RO         4107    .text               c_w.l(_printf_pad.o)
    0x0800037c   0x00000024   Code   RO         4109    .text               c_w.l(_printf_truncate.o)
    0x080003a0   0x00000052   Code   RO         4111    .text               c_w.l(_printf_str.o)
    0x080003f2   0x00000002   PAD
    0x080003f4   0x00000078   Code   RO         4113    .text               c_w.l(_printf_dec.o)
    0x0800046c   0x00000028   Code   RO         4115    .text               c_w.l(_printf_charcount.o)
    0x08000494   0x00000030   Code   RO         4117    .text               c_w.l(_printf_char_common.o)
    0x080004c4   0x0000000a   Code   RO         4119    .text               c_w.l(_sputc.o)
    0x080004ce   0x00000002   PAD
    0x080004d0   0x000000bc   Code   RO         4121    .text               c_w.l(_printf_wctomb.o)
    0x0800058c   0x0000007c   Code   RO         4124    .text               c_w.l(_printf_longlong_dec.o)
    0x08000608   0x00000070   Code   RO         4130    .text               c_w.l(_printf_oct_int_ll.o)
    0x08000678   0x00000094   Code   RO         4150    .text               c_w.l(_printf_hex_int_ll_ptr.o)
    0x0800070c   0x00000188   Code   RO         4170    .text               c_w.l(__printf_flags_ss_wp.o)
    0x08000894   0x00000016   Code   RO         4196    .text               c_w.l(abort.o)
    0x080008aa   0x00000014   Code   RO         4198    .text               c_w.l(assert_puts.o)
    0x080008be   0x0000000e   Code   RO         4299    .text               c_w.l(sys_wrch.o)
    0x080008cc   0x0000000c   Code   RO         4303    .text               c_w.l(sys_exit.o)
    0x080008d8   0x00000008   Code   RO         4305    .text               c_w.l(libspace.o)
    0x080008e0   0x0000008a   Code   RO         4336    .text               c_w.l(lludiv10.o)
    0x0800096a   0x000000b2   Code   RO         4338    .text               c_w.l(_printf_intcommon.o)
    0x08000a1c   0x0000041a   Code   RO         4340    .text               c_w.l(_printf_fp_dec.o)
    0x08000e36   0x00000002   PAD
    0x08000e38   0x000002fc   Code   RO         4342    .text               c_w.l(_printf_fp_hex.o)
    0x08001134   0x0000002c   Code   RO         4347    .text               c_w.l(_printf_char.o)
    0x08001160   0x0000002c   Code   RO         4349    .text               c_w.l(_printf_wchar.o)
    0x0800118c   0x00000040   Code   RO         4352    .text               c_w.l(_wcrtomb.o)
    0x080011cc   0x0000000e   Code   RO         4354    .text               c_w.l(defsig_abrt_outer.o)
    0x080011da   0x00000002   Code   RO         4375    .text               c_w.l(use_no_semi.o)
    0x080011dc   0x00000000   Code   RO         4377    .text               c_w.l(indicate_semi.o)
    0x080011dc   0x0000004a   Code   RO         4378    .text               c_w.l(sys_stackheap_outer.o)
    0x08001226   0x00000002   PAD
    0x08001228   0x00000010   Code   RO         4380    .text               c_w.l(rt_ctype_table.o)
    0x08001238   0x00000008   Code   RO         4387    .text               c_w.l(rt_locale_intlibspace.o)
    0x08001240   0x00000080   Code   RO         4391    .text               c_w.l(_printf_fp_infnan.o)
    0x080012c0   0x000000dc   Code   RO         4393    .text               c_w.l(bigflt0.o)
    0x0800139c   0x00000012   Code   RO         4421    .text               c_w.l(exit.o)
    0x080013ae   0x0000000a   Code   RO         4423    .text               c_w.l(defsig_exit.o)
    0x080013b8   0x00000030   Code   RO         4425    .text               c_w.l(defsig_abrt_inner.o)
    0x080013e8   0x00000032   Code   RO         4456    .text               c_w.l(defsig_general.o)
    0x0800141a   0x00000002   PAD
    0x0800141c   0x00000080   Code   RO         4458    .text               c_w.l(strcmpv7m.o)
    0x0800149c   0x0000003e   Code   RO         4396    CL$$btod_d2e        c_w.l(btod.o)
    0x080014da   0x00000046   Code   RO         4398    CL$$btod_d2e_denorm_low  c_w.l(btod.o)
    0x08001520   0x00000060   Code   RO         4397    CL$$btod_d2e_norm_op1  c_w.l(btod.o)
    0x08001580   0x00000338   Code   RO         4406    CL$$btod_div_common  c_w.l(btod.o)
    0x080018b8   0x000000c6   Code   RO         4403    CL$$btod_e2e        c_w.l(btod.o)
    0x0800197e   0x00000028   Code   RO         4400    CL$$btod_ediv       c_w.l(btod.o)
    0x080019a6   0x00000028   Code   RO         4399    CL$$btod_emul       c_w.l(btod.o)
    0x080019ce   0x00000244   Code   RO         4405    CL$$btod_mult_common  c_w.l(btod.o)
    0x08001c12   0x00000116   Code   RO         1237    i.GPIO_Init         stm32f10x_gpio.o
    0x08001d28   0x00000090   Code   RO         1239    i.GPIO_PinRemapConfig  stm32f10x_gpio.o
    0x08001db8   0x00000012   Code   RO         1241    i.GPIO_ReadInputDataBit  stm32f10x_gpio.o
    0x08001dca   0x00000004   Code   RO         1244    i.GPIO_ResetBits    stm32f10x_gpio.o
    0x08001dce   0x00000004   Code   RO         1245    i.GPIO_SetBits      stm32f10x_gpio.o
    0x08001dd2   0x00000002   PAD
    0x08001dd4   0x0000002c   Code   RO         3779    i.IR_init           ir_sensors.o
    0x08001e00   0x00000070   Code   RO           24    i.NVIC_Init         misc.o
    0x08001e70   0x00000014   Code   RO           26    i.NVIC_SetVectorTable  misc.o
    0x08001e84   0x00000020   Code   RO         1662    i.RCC_APB1PeriphClockCmd  stm32f10x_rcc.o
    0x08001ea4   0x00000020   Code   RO         1664    i.RCC_APB2PeriphClockCmd  stm32f10x_rcc.o
    0x08001ec4   0x000000d4   Code   RO         1672    i.RCC_GetClocksFreq  stm32f10x_rcc.o
    0x08001f98   0x00000018   Code   RO         2146    i.SPI_CalculateCRC  stm32f10x_spi.o
    0x08001fb0   0x00000018   Code   RO         2147    i.SPI_Cmd           stm32f10x_spi.o
    0x08001fc8   0x00000012   Code   RO         2155    i.SPI_I2S_GetFlagStatus  stm32f10x_spi.o
    0x08001fda   0x00000006   Code   RO         2158    i.SPI_I2S_ReceiveData  stm32f10x_spi.o
    0x08001fe0   0x00000004   Code   RO         2159    i.SPI_I2S_SendData  stm32f10x_spi.o
    0x08001fe4   0x0000003c   Code   RO         2160    i.SPI_Init          stm32f10x_spi.o
    0x08002020   0x00000018   Code   RO         2162    i.SPI_SSOutputCmd   stm32f10x_spi.o
    0x08002038   0x00000008   Code   RO         3074    i.SetSysClock       system_stm32f10x.o
    0x08002040   0x000000e0   Code   RO         3075    i.SetSysClockTo72   system_stm32f10x.o
    0x08002120   0x00000060   Code   RO         3077    i.SystemInit        system_stm32f10x.o
    0x08002180   0x00000044   Code   RO         3108    i.TIM2_IRQHandler   ticks.o
    0x080021c4   0x00000018   Code   RO         2290    i.TIM_ARRPreloadConfig  stm32f10x_tim.o
    0x080021dc   0x00000006   Code   RO         2296    i.TIM_ClearFlag     stm32f10x_tim.o
    0x080021e2   0x00000006   Code   RO         2297    i.TIM_ClearITPendingBit  stm32f10x_tim.o
    0x080021e8   0x00000018   Code   RO         2302    i.TIM_Cmd           stm32f10x_tim.o
    0x08002200   0x0000001e   Code   RO         2304    i.TIM_CtrlPWMOutputs  stm32f10x_tim.o
    0x0800221e   0x00000022   Code   RO         2323    i.TIM_GetITStatus   stm32f10x_tim.o
    0x08002240   0x00000012   Code   RO         2327    i.TIM_ITConfig      stm32f10x_tim.o
    0x08002252   0x00000002   PAD
    0x08002254   0x00000098   Code   RO         2331    i.TIM_OC1Init       stm32f10x_tim.o
    0x080022ec   0x00000012   Code   RO         2334    i.TIM_OC1PreloadConfig  stm32f10x_tim.o
    0x080022fe   0x00000002   PAD
    0x08002300   0x000000a4   Code   RO         2336    i.TIM_OC2Init       stm32f10x_tim.o
    0x080023a4   0x0000001a   Code   RO         2339    i.TIM_OC2PreloadConfig  stm32f10x_tim.o
    0x080023be   0x00000002   PAD
    0x080023c0   0x000000a0   Code   RO         2341    i.TIM_OC3Init       stm32f10x_tim.o
    0x08002460   0x00000012   Code   RO         2344    i.TIM_OC3PreloadConfig  stm32f10x_tim.o
    0x08002472   0x00000004   Code   RO         2363    i.TIM_SetCompare1   stm32f10x_tim.o
    0x08002476   0x00000004   Code   RO         2364    i.TIM_SetCompare2   stm32f10x_tim.o
    0x0800247a   0x00000004   Code   RO         2365    i.TIM_SetCompare3   stm32f10x_tim.o
    0x0800247e   0x00000004   Code   RO         2367    i.TIM_SetCounter    stm32f10x_tim.o
    0x08002482   0x00000002   PAD
    0x08002484   0x000000a4   Code   RO         2373    i.TIM_TimeBaseInit  stm32f10x_tim.o
    0x08002528   0x0000003c   Code   RO         3271    i.USART1_IRQHandler  uart.o
    0x08002564   0x0000003c   Code   RO         3272    i.USART3_IRQHandler  uart.o
    0x080025a0   0x0000001e   Code   RO         2838    i.USART_ClearITPendingBit  stm32f10x_usart.o
    0x080025be   0x00000018   Code   RO         2841    i.USART_Cmd         stm32f10x_usart.o
    0x080025d6   0x0000001a   Code   RO         2844    i.USART_GetFlagStatus  stm32f10x_usart.o
    0x080025f0   0x00000054   Code   RO         2845    i.USART_GetITStatus  stm32f10x_usart.o
    0x08002644   0x0000004a   Code   RO         2847    i.USART_ITConfig    stm32f10x_usart.o
    0x0800268e   0x00000002   PAD
    0x08002690   0x000000d8   Code   RO         2848    i.USART_Init        stm32f10x_usart.o
    0x08002768   0x0000000a   Code   RO         2855    i.USART_ReceiveData  stm32f10x_usart.o
    0x08002772   0x00000008   Code   RO         2858    i.USART_SendData    stm32f10x_usart.o
    0x0800277a   0x00000028   Code   RO         4286    i.__ARM_fpclassify  m_ws.l(fpclassify.o)
    0x080027a2   0x00000002   PAD
    0x080027a4   0x0000007c   Code   RO         3457    i._delay_ms         delay.o
    0x08002820   0x00000064   Code   RO         3458    i._delay_us         delay.o
    0x08002884   0x0000000e   Code   RO         4163    i._is_digit         c_w.l(__printf_wp.o)
    0x08002892   0x00000002   PAD
    0x08002894   0x00000088   Code   RO         3227    i.button_init       button.o
    0x0800291c   0x00000020   Code   RO         3109    i.get_real_ticks    ticks.o
    0x0800293c   0x00000040   Code   RO         3712    i.gpio_init         gpio.o
    0x0800297c   0x00000064   Code   RO         3190    i.led_init          leds.o
    0x080029e0   0x00000254   Code   RO         3858    i.main              main.o
    0x08002c34   0x00000378   Code   RO         3859    i.manual_mode       main.o
    0x08002fac   0x0000005c   Code   RO         3382    i.motor_control     motor.o
    0x08003008   0x00000104   Code   RO         3383    i.motor_init        motor.o
    0x0800310c   0x00000048   Code   RO         3384    i.motor_stop        motor.o
    0x08003154   0x00000054   Code   RO         3385    i.move_backward     motor.o
    0x080031a8   0x00000054   Code   RO         3386    i.move_forward      motor.o
    0x080031fc   0x00000038   Code   RO         3730    i.pneumatic_control  pneumatic.o
    0x08003234   0x0000002c   Code   RO         3731    i.pneumatic_init    pneumatic.o
    0x08003260   0x00000028   Code   RO         3780    i.read_IR           ir_sensors.o
    0x08003288   0x00000024   Code   RO         3229    i.read_button       button.o
    0x080032ac   0x00000016   Code   RO         3459    i.simple_delay1_ms  delay.o
    0x080032c2   0x00000002   PAD
    0x080032c4   0x00000054   Code   RO         3797    i.state1_move       moving.o
    0x08003318   0x00000050   Code   RO         3798    i.state2_move       moving.o
    0x08003368   0x0000007c   Code   RO         3799    i.state3_move       moving.o
    0x080033e4   0x00000044   Code   RO         3800    i.state4_move       moving.o
    0x08003428   0x00000094   Code   RO         3801    i.state5_move       moving.o
    0x080034bc   0x00000030   Code   RO         3802    i.state6_move       moving.o
    0x080034ec   0x00000044   Code   RO         3803    i.state_move        moving.o
    0x08003530   0x00000048   Code   RO         3487    i.tft_change_dir    lcd_blue.o
    0x08003578   0x00000044   Code   RO         3488    i.tft_clear         lcd_blue.o
    0x080035bc   0x00000244   Code   RO         3490    i.tft_init          lcd_blue.o
    0x08003800   0x000000f0   Code   RO         3492    i.tft_prints        lcd_blue.o
    0x080038f0   0x0000003c   Code   RO         3493    i.tft_put_pixel     lcd_blue.o
    0x0800392c   0x00000024   Code   RO         3494    i.tft_reset         lcd_blue.o
    0x08003950   0x0000005a   Code   RO         3498    i.tft_setregion     lcd_blue.o
    0x080039aa   0x00000002   PAD
    0x080039ac   0x000000ec   Code   RO         3499    i.tft_spi_init      lcd_blue.o
    0x08003a98   0x00000050   Code   RO         3500    i.tft_write_command  lcd_blue.o
    0x08003ae8   0x00000050   Code   RO         3501    i.tft_write_data    lcd_blue.o
    0x08003b38   0x0000006c   Code   RO         3111    i.ticks_init        ticks.o
    0x08003ba4   0x0000004c   Code   RO         3387    i.turn_180degree    motor.o
    0x08003bf0   0x0000007c   Code   RO         3388    i.turn_90degree     motor.o
    0x08003c6c   0x00000050   Code   RO         3389    i.turn_atplace      motor.o
    0x08003cbc   0x000000e0   Code   RO         3274    i.uart_init         uart.o
    0x08003d9c   0x00000048   Code   RO         3275    i.uart_interrupt    uart.o
    0x08003de4   0x00000060   Code   RO         3276    i.uart_interrupt_init  uart.o
    0x08003e44   0x00000036   Code   RO         3280    i.uart_tx           uart.o
    0x08003e7a   0x00000002   PAD
    0x08003e7c   0x0000002c   Code   RO         3281    i.uart_tx_byte      uart.o
    0x08003ea8   0x000000c4   Code   RO         3152    i.ultrasonic_emit   ultrasonic.o
    0x08003f6c   0x00000048   Code   RO         3153    i.ultrasonic_init   ultrasonic.o
    0x08003fb4   0x0000002c   Code   RO         4419    locale$$code        c_w.l(lc_numeric_c.o)
    0x08003fe0   0x0000002c   Code   RO         4452    locale$$code        c_w.l(lc_ctype_c.o)
    0x0800400c   0x00000062   Code   RO         4013    x$fpl$d2f           fz_ws.l(d2f.o)
    0x0800406e   0x00000002   PAD
    0x08004070   0x000002b0   Code   RO         4022    x$fpl$ddiv          fz_ws.l(ddiv.o)
    0x08004320   0x0000005a   Code   RO         4025    x$fpl$dfixu         fz_ws.l(dfixu.o)
    0x0800437a   0x00000026   Code   RO         4029    x$fpl$dfltu         fz_ws.l(dflt_clz.o)
    0x080043a0   0x00000154   Code   RO         4035    x$fpl$dmul          fz_ws.l(dmul.o)
    0x080044f4   0x0000009c   Code   RO         4249    x$fpl$dnaninf       fz_ws.l(dnaninf.o)
    0x08004590   0x0000000c   Code   RO         4251    x$fpl$dretinf       fz_ws.l(dretinf.o)
    0x0800459c   0x00000056   Code   RO         4037    x$fpl$f2d           fz_ws.l(f2d.o)
    0x080045f2   0x00000018   Code   RO         4255    x$fpl$fcmpinf       fz_ws.l(fcmpi.o)
    0x0800460a   0x00000002   PAD
    0x0800460c   0x00000026   Code   RO         4053    x$fpl$ffltu         fz_ws.l(fflt_clz.o)
    0x08004632   0x00000002   PAD
    0x08004634   0x00000068   Code   RO         4059    x$fpl$fleqf         fz_ws.l(fleqf.o)
    0x0800469c   0x0000008c   Code   RO         4257    x$fpl$fnaninf       fz_ws.l(fnaninf.o)
    0x08004728   0x0000000a   Code   RO         4259    x$fpl$fretinf       fz_ws.l(fretinf.o)
    0x08004732   0x00000062   Code   RO         4063    x$fpl$frleqf        fz_ws.l(frleqf.o)
    0x08004794   0x00000004   Code   RO         4261    x$fpl$printf1       fz_ws.l(printf1.o)
    0x08004798   0x00000004   Code   RO         4263    x$fpl$printf2       fz_ws.l(printf2.o)
    0x0800479c   0x00000000   Code   RO         4271    x$fpl$usenofp       fz_ws.l(usenofp.o)
    0x0800479c   0x00000006   Data   RO         3233    .constdata          button.o
    0x080047a2   0x00000002   PAD
    0x080047a4   0x00000036   Data   RO         3283    .constdata          uart.o
    0x080047da   0x00000006   Data   RO         3391    .constdata          motor.o
    0x080047e0   0x000032c0   Data   RO         3597    .constdata          lcd_font.o
    0x08007aa0   0x0000000c   Data   RO         3732    .constdata          pneumatic.o
    0x08007aac   0x00000008   Data   RO         4122    .constdata          c_w.l(_printf_wctomb.o)
    0x08007ab4   0x00000028   Data   RO         4151    .constdata          c_w.l(_printf_hex_int_ll_ptr.o)
    0x08007adc   0x00000011   Data   RO         4171    .constdata          c_w.l(__printf_flags_ss_wp.o)
    0x08007aed   0x00000026   Data   RO         4343    .constdata          c_w.l(_printf_fp_hex.o)
    0x08007b13   0x00000001   PAD
    0x08007b14   0x00000094   Data   RO         4394    .constdata          c_w.l(bigflt0.o)
    0x08007ba8   0x00000020   Data   RO         4504    Region$$Table       anon$$obj.o
    0x08007bc8   0x0000001c   Data   RO         4418    locale$$data        c_w.l(lc_numeric_c.o)
    0x08007be4   0x00000110   Data   RO         4451    locale$$data        c_w.l(lc_ctype_c.o)


    Execution Region RW_IRAM1 (Base: 0x20000000, Size: 0x00000788, Max: 0x00005000, ABSOLUTE)

    Base Addr    Size         Type   Attr      Idx    E Section Name        Object

    0x20000000   0x00000014   Data   RW         1692    .data               stm32f10x_rcc.o
    0x20000014   0x00000004   Data   RW         3113    .data               ticks.o
    0x20000018   0x00000008   Data   RW         3155    .data               ultrasonic.o
    0x20000020   0x0000000c   Data   RW         3234    .data               button.o
    0x2000002c   0x00000035   Data   RW         3284    .data               uart.o
    0x20000061   0x00000003   PAD
    0x20000064   0x00000020   Data   RW         3392    .data               motor.o
    0x20000084   0x00000005   Data   RW         3460    .data               delay.o
    0x20000089   0x00000003   PAD
    0x2000008c   0x0000000c   Data   RW         3502    .data               lcd_blue.o
    0x20000098   0x00000018   Data   RW         3733    .data               pneumatic.o
    0x200000b0   0x00000020   Data   RW         3804    .data               moving.o
    0x200000d0   0x00000018   Data   RW         3860    .data               main.o
    0x200000e8   0x0000003c   Zero   RW         3232    .bss                button.o
    0x20000124   0x00000060   Zero   RW         4306    .bss                c_w.l(libspace.o)
    0x20000184   0x00000004   PAD
    0x20000188   0x00000200   Zero   RW            2    HEAP                startup_stm32f10x_md.o
    0x20000388   0x00000400   Zero   RW            1    STACK               startup_stm32f10x_md.o


==============================================================================

Image component sizes


      Code (inc. data)   RO Data    RW Data    ZI Data      Debug   Object Name

       172         24          6         12         60       2227   button.o
         0          0          0          0          0       4540   core_cm3.o
       260         10          0          5          0       2593   delay.o
        64          8          0          0          0        480   gpio.o
        84         12          0          0          0       1036   ir_sensors.o
      1542         64          0         12          0       8303   lcd_blue.o
         0          0      12992          0          0       1575   lcd_font.o
       100         12          0          0          0        491   leds.o
      1484        402          0         24          0       2237   main.o
       132         20          0          0          0     234946   misc.o
       872        102          6         32          0       6083   motor.o
       620        126          0         32          0       3819   moving.o
       100         16         12         24          0       2078   pneumatic.o
        64         26        236          0       1536        856   startup_stm32f10x_md.o
       448          6          0          0          0       4430   stm32f10x_gpio.o
       276         32          0         20          0       4390   stm32f10x_rcc.o
       160          0          0          0          0       4843   stm32f10x_spi.o
       860         82          0          0          0      31408   stm32f10x_tim.o
       472          6          0          0          0       6699   stm32f10x_usart.o
       328         28          0          0          0       1965   system_stm32f10x.o
       208         28          0          4          0       1951   ticks.o
       610        112         54         53          0       6924   uart.o
       268         28          0          8          0       1887   ultrasonic.o

    ----------------------------------------------------------------------
      9144       1144      13340        232       1596     335761   Object Totals
         0          0         32          0          0          0   (incl. Generated)
        20          0          2          6          0          0   (incl. Padding)

    ----------------------------------------------------------------------

      Code (inc. data)   RO Data    RW Data    ZI Data      Debug   Library Member Name

         8          0          0          0          0         68   __main.o
       392          4         17          0          0         92   __printf_flags_ss_wp.o
        14          0          0          0          0         68   __printf_wp.o
         0          0          0          0          0          0   __rtentry.o
        12          0          0          0          0          0   __rtentry2.o
         6          0          0          0          0          0   __rtentry4.o
        52          8          0          0          0          0   __scatter.o
        26          0          0          0          0          0   __scatter_copy.o
        28          0          0          0          0          0   __scatter_zi.o
         6          0          0          0          0          0   _printf_a.o
         6          0          0          0          0          0   _printf_c.o
        44          0          0          0          0        108   _printf_char.o
        48          6          0          0          0         96   _printf_char_common.o
        40          0          0          0          0         68   _printf_charcount.o
         6          0          0          0          0          0   _printf_d.o
       120         16          0          0          0         92   _printf_dec.o
         6          0          0          0          0          0   _printf_e.o
         6          0          0          0          0          0   _printf_f.o
      1050          0          0          0          0        216   _printf_fp_dec.o
       764          8         38          0          0        100   _printf_fp_hex.o
       128         16          0          0          0         84   _printf_fp_infnan.o
         6          0          0          0          0          0   _printf_g.o
       148          4         40          0          0        160   _printf_hex_int_ll_ptr.o
         6          0          0          0          0          0   _printf_i.o
       178          0          0          0          0         88   _printf_intcommon.o
        10          0          0          0          0          0   _printf_l.o
         6          0          0          0          0          0   _printf_lc.o
        10          0          0          0          0          0   _printf_ll.o
         6          0          0          0          0          0   _printf_lld.o
         6          0          0          0          0          0   _printf_lli.o
         6          0          0          0          0          0   _printf_llo.o
         6          0          0          0          0          0   _printf_llu.o
         6          0          0          0          0          0   _printf_llx.o
       124         16          0          0          0         92   _printf_longlong_dec.o
         6          0          0          0          0          0   _printf_ls.o
         6          0          0          0          0          0   _printf_n.o
         6          0          0          0          0          0   _printf_o.o
       112          8          0          0          0        124   _printf_oct_int_ll.o
         6          0          0          0          0          0   _printf_p.o
        78          0          0          0          0        108   _printf_pad.o
         0          0          0          0          0          0   _printf_percent.o
         4          0          0          0          0          0   _printf_percent_end.o
         6          0          0          0          0          0   _printf_s.o
        82          0          0          0          0         80   _printf_str.o
        36          0          0          0          0         84   _printf_truncate.o
         6          0          0          0          0          0   _printf_u.o
        44          0          0          0          0        108   _printf_wchar.o
       188          6          8          0          0         92   _printf_wctomb.o
         6          0          0          0          0          0   _printf_x.o
        10          0          0          0          0         68   _sputc.o
        64          0          0          0          0         92   _wcrtomb.o
        22          0          0          0          0         80   abort.o
       128         42          0          0          0         76   assert.o
        20          0          0          0          0         76   assert_puts.o
       220          4        148          0          0         96   bigflt0.o
      1910        128          0          0          0        672   btod.o
        48         34          0          0          0         76   defsig_abrt_inner.o
        14          0          0          0          0         80   defsig_abrt_outer.o
        10          0          0          0          0         68   defsig_exit.o
        50          0          0          0          0         88   defsig_general.o
        18          0          0          0          0         80   exit.o
         6          0          0          0          0        152   heapauxi.o
         0          0          0          0          0          0   indicate_semi.o
        44         10        272          0          0         76   lc_ctype_c.o
        44         10         28          0          0         76   lc_numeric_c.o
         2          0          0          0          0          0   libinit.o
        30          0          0          0          0          0   libinit2.o
         2          0          0          0          0          0   libshutdown.o
         2          0          0          0          0          0   libshutdown2.o
         8          4          0          0         96         68   libspace.o
       138          0          0          0          0         80   lludiv10.o
        16          4          0          0          0         76   rt_ctype_table.o
         8          4          0          0          0         68   rt_locale_intlibspace.o
         2          0          0          0          0          0   rtexit.o
        10          0          0          0          0          0   rtexit2.o
       128          0          0          0          0         68   strcmpv7m.o
        12          4          0          0          0         68   sys_exit.o
        74          0          0          0          0         80   sys_stackheap_outer.o
        14          0          0          0          0         76   sys_wrch.o
         2          0          0          0          0         68   use_no_semi.o
        36          4          0          0          0         76   vsprintf.o
        98          4          0          0          0         92   d2f.o
       688        140          0          0          0        208   ddiv.o
        90          4          0          0          0         92   dfixu.o
        38          0          0          0          0         68   dflt_clz.o
       340         12          0          0          0        104   dmul.o
       156          4          0          0          0         92   dnaninf.o
        12          0          0          0          0         68   dretinf.o
        86          4          0          0          0         84   f2d.o
        24          0          0          0          0         68   fcmpi.o
        38          0          0          0          0         68   fflt_clz.o
       104          4          0          0          0         84   fleqf.o
       140          4          0          0          0         84   fnaninf.o
        10          0          0          0          0         68   fretinf.o
        98          0          0          0          0         68   frleqf.o
         4          0          0          0          0         68   printf1.o
         4          0          0          0          0         68   printf2.o
         0          0          0          0          0          0   usenofp.o
        40          0          0          0          0         68   fpclassify.o

    ----------------------------------------------------------------------
      8952        516        552          0        100       5964   Library Totals
        24          0          1          0          4          0   (incl. Padding)

    ----------------------------------------------------------------------

      Code (inc. data)   RO Data    RW Data    ZI Data      Debug   Library Name

      6958        340        551          0         96       4512   c_w.l
      1930        176          0          0          0       1384   fz_ws.l
        40          0          0          0          0         68   m_ws.l

    ----------------------------------------------------------------------
      8952        516        552          0        100       5964   Library Totals

    ----------------------------------------------------------------------

==============================================================================


      Code (inc. data)   RO Data    RW Data    ZI Data      Debug   

     18096       1660      13892        232       1696     333453   Grand Totals
     18096       1660      13892        232       1696     333453   ELF Image Totals
     18096       1660      13892        232          0          0   ROM Totals

==============================================================================

    Total RO  Size (Code + RO Data)                31988 (  31.24kB)
    Total RW  Size (RW Data + ZI Data)              1928 (   1.88kB)
    Total ROM Size (Code + RO Data + RW Data)      32220 (  31.46kB)

==============================================================================

